MTIMER_Prog.c:17:18:GET_TIMER	48	static
MTIMER_Prog.c:34:6:MTIMER_vPeriodicMS	8	static
MTIMER_Prog.c:55:6:MTIMER_vPWM	32	static
MTIMER_Prog.c:89:6:MTIMER_vICU	24	static
MTIMER_Prog.c:127:6:TIMER_ICU	24	static
MTIMER_Prog.c:167:5:MTIMER_GET_ICU	0	static
MTIMER_Prog.c:182:6:MTIMER_CallBack	0	static
MTIMER_Prog.c:193:6:TIM1_UP_TIM10_IRQHandler	8	static
MTIMER_Prog.c:233:6:TIM1_TRG_COM_TIM11_IRQHandler	8	static
MTIMER_Prog.c:268:6:TIM1_BRK_TIM9_IRQHandler	8	static
MTIMER_Prog.c:307:6:TIM1_CC_IRQHandler	8	static
MTIMER_Prog.c:337:6:TIM2_IRQHandler	8	static
MTIMER_Prog.c:382:6:TIM3_IRQHandler	8	static
MTIMER_Prog.c:426:6:TIM4_IRQHandler	8	static
MTIMER_Prog.c:470:6:TIM5_IRQHandler	8	static
