../Src/MCAL/MEXTI/MEXTI_Prog.c:15:6:SYSCFG_vConfigEXTI_Line	16	static
../Src/MCAL/MEXTI/MEXTI_Prog.c:21:6:MEXTI_vEnableInterrupt	16	static
../Src/MCAL/MEXTI/MEXTI_Prog.c:25:6:MEXTI_vDisableInterrupt	16	static
../Src/MCAL/MEXTI/MEXTI_Prog.c:29:6:MEXTI_vEnableEvent	16	static
../Src/MCAL/MEXTI/MEXTI_Prog.c:33:6:MEXTI_vDisableEvent	16	static
../Src/MCAL/MEXTI/MEXTI_Prog.c:37:6:MEXTI_vInterruptTrigger	16	static
../Src/MCAL/MEXTI/MEXTI_Prog.c:54:6:MEXTI_vSWevent	16	static
../Src/MCAL/MEXTI/MEXTI_Prog.c:58:6:MEXTI_PtrReadInterruptFlag	16	static
../Src/MCAL/MEXTI/MEXTI_Prog.c:63:6:MEXTI_vCallBack	16	static
../Src/MCAL/MEXTI/MEXTI_Prog.c:70:6:EXTI0_IRQHandler	8	static
../Src/MCAL/MEXTI/MEXTI_Prog.c:75:6:EXTI1_IRQHandler	8	static
../Src/MCAL/MEXTI/MEXTI_Prog.c:80:6:EXTI2_IRQHandler	8	static
../Src/MCAL/MEXTI/MEXTI_Prog.c:84:6:EXTI3_IRQHandler	8	static
../Src/MCAL/MEXTI/MEXTI_Prog.c:88:6:EXTI4_IRQHandler	8	static
../Src/MCAL/MEXTI/MEXTI_Prog.c:92:6:EXTI9_5_IRQHandler	8	static
../Src/MCAL/MEXTI/MEXTI_Prog.c:114:6:EXTI15_10_IRQHandler	8	static
