Archive member included to satisfy reference by file (symbol)

C:/ST/STM32CubeIDE_1.13.2/STM32CubeIDE/plugins/com.st.stm32cube.ide.mcu.externaltools.gnu-tools-for-stm32.11.3.rel1.win32_1.1.1.202309131626/tools/bin/../lib/gcc/arm-none-eabi/11.3.1/../../../../arm-none-eabi/lib/thumb/v7e-m+fp/hard\libc_nano.a(libc_a-exit.o)
                              C:/ST/STM32CubeIDE_1.13.2/STM32CubeIDE/plugins/com.st.stm32cube.ide.mcu.externaltools.gnu-tools-for-stm32.11.3.rel1.win32_1.1.1.202309131626/tools/bin/../lib/gcc/arm-none-eabi/11.3.1/../../../../arm-none-eabi/lib/thumb/v7e-m+fp/hard/crt0.o (exit)
C:/ST/STM32CubeIDE_1.13.2/STM32CubeIDE/plugins/com.st.stm32cube.ide.mcu.externaltools.gnu-tools-for-stm32.11.3.rel1.win32_1.1.1.202309131626/tools/bin/../lib/gcc/arm-none-eabi/11.3.1/../../../../arm-none-eabi/lib/thumb/v7e-m+fp/hard\libc_nano.a(libc_a-findfp.o)
                              C:/ST/STM32CubeIDE_1.13.2/STM32CubeIDE/plugins/com.st.stm32cube.ide.mcu.externaltools.gnu-tools-for-stm32.11.3.rel1.win32_1.1.1.202309131626/tools/bin/../lib/gcc/arm-none-eabi/11.3.1/../../../../arm-none-eabi/lib/thumb/v7e-m+fp/hard\libc_nano.a(libc_a-exit.o) (__stdio_exit_handler)
C:/ST/STM32CubeIDE_1.13.2/STM32CubeIDE/plugins/com.st.stm32cube.ide.mcu.externaltools.gnu-tools-for-stm32.11.3.rel1.win32_1.1.1.202309131626/tools/bin/../lib/gcc/arm-none-eabi/11.3.1/../../../../arm-none-eabi/lib/thumb/v7e-m+fp/hard\libc_nano.a(libc_a-fwalk.o)
                              C:/ST/STM32CubeIDE_1.13.2/STM32CubeIDE/plugins/com.st.stm32cube.ide.mcu.externaltools.gnu-tools-for-stm32.11.3.rel1.win32_1.1.1.202309131626/tools/bin/../lib/gcc/arm-none-eabi/11.3.1/../../../../arm-none-eabi/lib/thumb/v7e-m+fp/hard\libc_nano.a(libc_a-findfp.o) (_fwalk_sglue)
C:/ST/STM32CubeIDE_1.13.2/STM32CubeIDE/plugins/com.st.stm32cube.ide.mcu.externaltools.gnu-tools-for-stm32.11.3.rel1.win32_1.1.1.202309131626/tools/bin/../lib/gcc/arm-none-eabi/11.3.1/../../../../arm-none-eabi/lib/thumb/v7e-m+fp/hard\libc_nano.a(libc_a-stdio.o)
                              C:/ST/STM32CubeIDE_1.13.2/STM32CubeIDE/plugins/com.st.stm32cube.ide.mcu.externaltools.gnu-tools-for-stm32.11.3.rel1.win32_1.1.1.202309131626/tools/bin/../lib/gcc/arm-none-eabi/11.3.1/../../../../arm-none-eabi/lib/thumb/v7e-m+fp/hard\libc_nano.a(libc_a-findfp.o) (__sread)
C:/ST/STM32CubeIDE_1.13.2/STM32CubeIDE/plugins/com.st.stm32cube.ide.mcu.externaltools.gnu-tools-for-stm32.11.3.rel1.win32_1.1.1.202309131626/tools/bin/../lib/gcc/arm-none-eabi/11.3.1/../../../../arm-none-eabi/lib/thumb/v7e-m+fp/hard\libc_nano.a(libc_a-memset.o)
                              C:/ST/STM32CubeIDE_1.13.2/STM32CubeIDE/plugins/com.st.stm32cube.ide.mcu.externaltools.gnu-tools-for-stm32.11.3.rel1.win32_1.1.1.202309131626/tools/bin/../lib/gcc/arm-none-eabi/11.3.1/../../../../arm-none-eabi/lib/thumb/v7e-m+fp/hard/crt0.o (memset)
C:/ST/STM32CubeIDE_1.13.2/STM32CubeIDE/plugins/com.st.stm32cube.ide.mcu.externaltools.gnu-tools-for-stm32.11.3.rel1.win32_1.1.1.202309131626/tools/bin/../lib/gcc/arm-none-eabi/11.3.1/../../../../arm-none-eabi/lib/thumb/v7e-m+fp/hard\libc_nano.a(libc_a-closer.o)
                              C:/ST/STM32CubeIDE_1.13.2/STM32CubeIDE/plugins/com.st.stm32cube.ide.mcu.externaltools.gnu-tools-for-stm32.11.3.rel1.win32_1.1.1.202309131626/tools/bin/../lib/gcc/arm-none-eabi/11.3.1/../../../../arm-none-eabi/lib/thumb/v7e-m+fp/hard\libc_nano.a(libc_a-stdio.o) (_close_r)
C:/ST/STM32CubeIDE_1.13.2/STM32CubeIDE/plugins/com.st.stm32cube.ide.mcu.externaltools.gnu-tools-for-stm32.11.3.rel1.win32_1.1.1.202309131626/tools/bin/../lib/gcc/arm-none-eabi/11.3.1/../../../../arm-none-eabi/lib/thumb/v7e-m+fp/hard\libc_nano.a(libc_a-reent.o)
                              C:/ST/STM32CubeIDE_1.13.2/STM32CubeIDE/plugins/com.st.stm32cube.ide.mcu.externaltools.gnu-tools-for-stm32.11.3.rel1.win32_1.1.1.202309131626/tools/bin/../lib/gcc/arm-none-eabi/11.3.1/../../../../arm-none-eabi/lib/thumb/v7e-m+fp/hard\libc_nano.a(libc_a-closer.o) (errno)
C:/ST/STM32CubeIDE_1.13.2/STM32CubeIDE/plugins/com.st.stm32cube.ide.mcu.externaltools.gnu-tools-for-stm32.11.3.rel1.win32_1.1.1.202309131626/tools/bin/../lib/gcc/arm-none-eabi/11.3.1/../../../../arm-none-eabi/lib/thumb/v7e-m+fp/hard\libc_nano.a(libc_a-impure.o)
                              C:/ST/STM32CubeIDE_1.13.2/STM32CubeIDE/plugins/com.st.stm32cube.ide.mcu.externaltools.gnu-tools-for-stm32.11.3.rel1.win32_1.1.1.202309131626/tools/bin/../lib/gcc/arm-none-eabi/11.3.1/../../../../arm-none-eabi/lib/thumb/v7e-m+fp/hard\libc_nano.a(libc_a-reent.o) (_impure_ptr)
C:/ST/STM32CubeIDE_1.13.2/STM32CubeIDE/plugins/com.st.stm32cube.ide.mcu.externaltools.gnu-tools-for-stm32.11.3.rel1.win32_1.1.1.202309131626/tools/bin/../lib/gcc/arm-none-eabi/11.3.1/../../../../arm-none-eabi/lib/thumb/v7e-m+fp/hard\libc_nano.a(libc_a-lseekr.o)
[...]
Memory Configuration

Name             Origin             Length             Attributes
RAM              0x0000000020000000 0x0000000000010000 xrw
FLASH            0x0000000008000000 0x0000000000040000 xr
*default*        0x0000000000000000 0xffffffffffffffff

Linker script and memory map

LOAD C:/ST/STM32CubeIDE_1.13.2/STM32CubeIDE/plugins/com.st.stm32cube.ide.mcu.externaltools.gnu-tools-for-stm32.11.3.rel1.win32_1.1.1.202309131626/tools/bin/../lib/gcc/arm-none-eabi/11.3.1/thumb/v7e-m+fp/hard/crti.o
LOAD C:/ST/STM32CubeIDE_1.13.2/STM32CubeIDE/plugins/com.st.stm32cube.ide.mcu.externaltools.gnu-tools-for-stm32.11.3.rel1.win32_1.1.1.202309131626/tools/bin/../lib/gcc/arm-none-eabi/11.3.1/thumb/v7e-m+fp/hard/crtbegin.o
LOAD C:/ST/STM32CubeIDE_1.13.2/STM32CubeIDE/plugins/com.st.stm32cube.ide.mcu.externaltools.gnu-tools-for-stm32.11.3.rel1.win32_1.1.1.202309131626/tools/bin/../lib/gcc/arm-none-eabi/11.3.1/../../../../arm-none-eabi/lib/thumb/v7e-m+fp/hard/crt0.o
LOAD ./Src/HAL/HCOMPASS/HAL_COMPASS.o
LOAD ./Src/HAL/HSERVO/HSERVO_Prog.o
LOAD ./Src/MCAL/MEXTI/MEXTI_Prog.o
LOAD ./Src/MCAL/MGPIO/MGPIO_Prog.o
LOAD ./Src/MCAL/MI2C/MI2C_Prog.o
LOAD ./Src/MCAL/MIWDT/MIWDT_Prog.o
LOAD ./Src/MCAL/MNVIC/MNVIC_Prog.o
LOAD ./Src/MCAL/MRCC/MRCC_Prog.o
LOAD ./Src/MCAL/MSPI/MSPI_Prog.o
LOAD ./Src/MCAL/MSTK/MSYSTICK_Prog.o
LOAD ./Src/MCAL/MTIMER/MTIMER_Prog.o
LOAD ./Src/MCAL/MUART/MUSART_Program.o
LOAD ./Src/main.o
LOAD ./Src/syscalls.o
LOAD ./Src/sysmem.o
LOAD ./Startup/startup_stm32f401rctx.o
START GROUP
LOAD C:/ST/STM32CubeIDE_1.13.2/STM32CubeIDE/plugins/com.st.stm32cube.ide.mcu.externaltools.gnu-tools-for-stm32.11.3.rel1.win32_1.1.1.202309131626/tools/bin/../lib/gcc/arm-none-eabi/11.3.1/../../../../arm-none-eabi/lib/thumb/v7e-m+fp/hard\libc_nano.a
LOAD C:/ST/STM32CubeIDE_1.13.2/STM32CubeIDE/plugins/com.st.stm32cube.ide.mcu.externaltools.gnu-tools-for-stm32.11.3.rel1.win32_1.1.1.202309131626/tools/bin/../lib/gcc/arm-none-eabi/11.3.1/../../../../arm-none-eabi/lib/thumb/v7e-m+fp/hard\libm.a
END GROUP
START GROUP
LOAD C:/ST/STM32CubeIDE_1.13.2/STM32CubeIDE/plugins/com.st.stm32cube.ide.mcu.externaltools.gnu-tools-for-stm32.11.3.rel1.win32_1.1.1.202309131626/tools/bin/../lib/gcc/arm-none-eabi/11.3.1/thumb/v7e-m+fp/hard\libgcc.a
LOAD C:/ST/STM32CubeIDE_1.13.2/STM32CubeIDE/plugins/com.st.stm32cube.ide.mcu.externaltools.gnu-tools-for-stm32.11.3.rel1.win32_1.1.1.202309131626/tools/bin/../lib/gcc/arm-none-eabi/11.3.1/../../../../arm-none-eabi/lib/thumb/v7e-m+fp/hard\libc_nano.a
END GROUP
START GROUP
LOAD C:/ST/STM32CubeIDE_1.13.2/STM32CubeIDE/plugins/com.st.stm32cube.ide.mcu.externaltools.gnu-tools-for-stm32.11.3.rel1.win32_1.1.1.202309131626/tools/bin/../lib/gcc/arm-none-eabi/11.3.1/thumb/v7e-m+fp/hard\libgcc.a
LOAD C:/ST/STM32CubeIDE_1.13.2/STM32CubeIDE/plugins/com.st.stm32cube.ide.mcu.externaltools.gnu-tools-for-stm32.11.3.rel1.win32_1.1.1.202309131626/tools/bin/../lib/gcc/arm-none-eabi/11.3.1/../../../../arm-none-eabi/lib/thumb/v7e-m+fp/hard\libc_nano.a
LOAD C:/ST/STM32CubeIDE_1.13.2/STM32CubeIDE/plugins/com.st.stm32cube.ide.mcu.externaltools.gnu-tools-for-stm32.11.3.rel1.win32_1.1.1.202309131626/tools/bin/../lib/gcc/arm-none-eabi/11.3.1/../../../../arm-none-eabi/lib/thumb/v7e-m+fp/hard\libnosys.a
END GROUP
START GROUP
LOAD C:/ST/STM32CubeIDE_1.13.2/STM32CubeIDE/plugins/com.st.stm32cube.ide.mcu.externaltools.gnu-tools-for-stm32.11.3.rel1.win32_1.1.1.202309131626/tools/bin/../lib/gcc/arm-none-eabi/11.3.1/thumb/v7e-m+fp/hard\libgcc.a
LOAD C:/ST/STM32CubeIDE_1.13.2/STM32CubeIDE/plugins/com.st.stm32cube.ide.mcu.externaltools.gnu-tools-for-stm32.11.3.rel1.win32_1.1.1.202309131626/tools/bin/../lib/gcc/arm-none-eabi/11.3.1/../../../../arm-none-eabi/lib/thumb/v7e-m+fp/hard\libc_nano.a
LOAD C:/ST/STM32CubeIDE_1.13.2/STM32CubeIDE/plugins/com.st.stm32cube.ide.mcu.externaltools.gnu-tools-for-stm32.11.3.rel1.win32_1.1.1.202309131626/tools/bin/../lib/gcc/arm-none-eabi/11.3.1/../../../../arm-none-eabi/lib/thumb/v7e-m+fp/hard\libnosys.a
END GROUP
LOAD C:/ST/STM32CubeIDE_1.13.2/STM32CubeIDE/plugins/com.st.stm32cube.ide.mcu.externaltools.gnu-tools-for-stm32.11.3.rel1.win32_1.1.1.202309131626/tools/bin/../lib/gcc/arm-none-eabi/11.3.1/thumb/v7e-m+fp/hard/crtend.o
LOAD C:/ST/STM32CubeIDE_1.13.2/STM32CubeIDE/plugins/com.st.stm32cube.ide.mcu.externaltools.gnu-tools-for-stm32.11.3.rel1.win32_1.1.1.202309131626/tools/bin/../lib/gcc/arm-none-eabi/11.3.1/thumb/v7e-m+fp/hard/crtn.o
                0x0000000020010000                _estack = (ORIGIN (RAM) + LENGTH (RAM))
                0x0000000000000200                _Min_Heap_Size = 0x200
                0x0000000000000400                _Min_Stack_Size = 0x400

.isr_vector     0x0000000008000000      0x194
                0x0000000008000000                . = ALIGN (0x4)
 *(.isr_vector)
 .isr_vector    0x0000000008000000      0x194 ./Startup/startup_stm32f401rctx.o
                0x0000000008000000                g_pfnVectors
                0x0000000008000194                . = ALIGN (0x4)

.text           0x0000000008000194      0x8f8
                0x0000000008000194                . = ALIGN (0x4)
 *(.text)
 .text          0x0000000008000194       0x40 C:/ST/STM32CubeIDE_1.13.2/STM32CubeIDE/plugins/com.st.stm32cube.ide.mcu.externaltools.gnu-tools-for-stm32.11.3.rel1.win32_1.1.1.202309131626/tools/bin/../lib/gcc/arm-none-eabi/11.3.1/thumb/v7e-m+fp/hard/crtbegin.o
 *(.text*)
 .text.EXTI0_IRQHandler
                0x00000000080001d4       0x24 ./Src/MCAL/MEXTI/MEXTI_Prog.o
                0x00000000080001d4                EXTI0_IRQHandler
 .text.EXTI1_IRQHandler
                0x00000000080001f8       0x24 ./Src/MCAL/MEXTI/MEXTI_Prog.o
                0x00000000080001f8                EXTI1_IRQHandler
 .text.EXTI2_IRQHandler
                0x000000000800021c       0x24 ./Src/MCAL/MEXTI/MEXTI_Prog.o
                0x000000000800021c                EXTI2_IRQHandler
 .text.EXTI3_IRQHandler
                0x0000000008000240       0x24 ./Src/MCAL/MEXTI/MEXTI_Prog.o
                0x0000000008000240                EXTI3_IRQHandler
 .text.EXTI4_IRQHandler
                0x0000000008000264       0x24 ./Src/MCAL/MEXTI/MEXTI_Prog.o
                0x0000000008000264                EXTI4_IRQHandler
 .text.EXTI9_5_IRQHandler
                0x0000000008000288      0x144 ./Src/MCAL/MEXTI/MEXTI_Prog.o
                0x0000000008000288                EXTI9_5_IRQHandler
 .text.EXTI15_10_IRQHandler
                0x00000000080003cc      0x184 ./Src/MCAL/MEXTI/MEXTI_Prog.o
                0x00000000080003cc                EXTI15_10_IRQHandler
 .text.MGPIO_vSetPinMode
                0x0000000008000550       0xd0 ./Src/MCAL/MGPIO/MGPIO_Prog.o
                0x0000000008000550                MGPIO_vSetPinMode
 .text.MGPIO_vSetPinValue
                0x0000000008000620       0xdc ./Src/MCAL/MGPIO/MGPIO_Prog.o
                0x0000000008000620                MGPIO_vSetPinValue
 .text.MRCC_vInit
                0x00000000080006fc       0x4c ./Src/MCAL/MRCC/MRCC_Prog.o
                0x00000000080006fc                MRCC_vInit
 .text.MRCC_vEnableClock
                0x0000000008000748       0x94 ./Src/MCAL/MRCC/MRCC_Prog.o
                0x0000000008000748                MRCC_vEnableClock
 .text.SPI1_IRQHandler
                0x00000000080007dc       0x48 ./Src/MCAL/MSPI/MSPI_Prog.o
                0x00000000080007dc                SPI1_IRQHandler
 .text.SPI2_IRQHandler
                0x0000000008000824        0xe ./Src/MCAL/MSPI/MSPI_Prog.o
                0x0000000008000824                SPI2_IRQHandler
 .text.SPI3_IRQHandler
                0x0000000008000832        0xe ./Src/MCAL/MSPI/MSPI_Prog.o
                0x0000000008000832                SPI3_IRQHandler
 .text.SPI4_IRQHandler
                0x0000000008000840        0xe ./Src/MCAL/MSPI/MSPI_Prog.o
                0x0000000008000840                SPI4_IRQHandler
 *fill*         0x000000000800084e        0x2 
 .text.MSYSTICK_vInit
                0x0000000008000850       0x2c ./Src/MCAL/MSTK/MSYSTICK_Prog.o
                0x0000000008000850                MSYSTICK_vInit
 .text.MSYSTICK_vDelayms
                0x000000000800087c       0x64 ./Src/MCAL/MSTK/MSYSTICK_Prog.o
                0x000000000800087c                MSYSTICK_vDelayms
 .text.SysTick_Handler
                0x00000000080008e0       0x1c ./Src/MCAL/MSTK/MSYSTICK_Prog.o
                0x00000000080008e0                SysTick_Handler
 .text.ICU      0x00000000080008fc       0x6c ./Src/MCAL/MTIMER/MTIMER_Prog.o
                0x00000000080008fc                ICU
 .text.TIM1_CC_IRQHandler
                0x0000000008000968       0x1c ./Src/MCAL/MTIMER/MTIMER_Prog.o
                0x0000000008000968                TIM1_CC_IRQHandler
 .text.main     0x0000000008000984       0x54 ./Src/main.o
                0x0000000008000984                main
 .text.Reset_Handler
                0x00000000080009d8       0x50 ./Startup/startup_stm32f401rctx.o
                0x00000000080009d8                Reset_Handler
 .text.Default_Handler
                0x0000000008000a28        0x2 ./Startup/startup_stm32f401rctx.o
                0x0000000008000a28                DebugMon_Handler
                0x0000000008000a28                DMA2_Stream5_IRQHandler
                0x0000000008000a28                HardFault_Handler
                0x0000000008000a28                DMA1_Stream5_IRQHandler
                0x0000000008000a28                SDIO_IRQHandler
                0x0000000008000a28                TAMP_STAMP_IRQHandler
                0x0000000008000a28                PendSV_Handler
                0x0000000008000a28                NMI_Handler
                0x0000000008000a28                TIM1_UP_TIM10_IRQHandler
                0x0000000008000a28                I2C3_ER_IRQHandler
                0x0000000008000a28                EXTI18_OTG_FS_WKUP_IRQHandler
                0x0000000008000a28                I2C2_EV_IRQHandler
                0x0000000008000a28                DMA1_Stream2_IRQHandler
                0x0000000008000a28                UsageFault_Handler
                0x0000000008000a28                DMA2_Stream2_IRQHandler
                0x0000000008000a28                TIM1_BRK_TIM9_IRQHandler
                0x0000000008000a28                DMA2_Stream3_IRQHandler
                0x0000000008000a28                USART6_IRQHandler
                0x0000000008000a28                DMA2_Stream0_IRQHandler
                0x0000000008000a28                TIM4_IRQHandler
                0x0000000008000a28                I2C1_EV_IRQHandler
                0x0000000008000a28                DMA1_Stream6_IRQHandler
                0x0000000008000a28                DMA1_Stream1_IRQHandler
                0x0000000008000a28                TIM3_IRQHandler
                0x0000000008000a28                RCC_IRQHandler
                0x0000000008000a28                Default_Handler
                0x0000000008000a28                ADC_IRQHandler
                0x0000000008000a28                DMA1_Stream7_IRQHandler
                0x0000000008000a28                TIM5_IRQHandler
                0x0000000008000a28                DMA2_Stream7_IRQHandler
                0x0000000008000a28                I2C3_EV_IRQHandler
                0x0000000008000a28                MemManage_Handler
                0x0000000008000a28                DMA1_Stream0_IRQHandler
                0x0000000008000a28                SVC_Handler
                0x0000000008000a28                EXTI22_RTC_WKUP_IRQHandler
                0x0000000008000a28                TIM2_IRQHandler
                0x0000000008000a28                EXTI16_PVD_IRQHandler
                0x0000000008000a28                TIM1_TRG_COM_TIM11_IRQHandler
                0x0000000008000a28                EXTI17_RTC_Alarm_IRQHandler
                0x0000000008000a28                USART2_IRQHandler
                0x0000000008000a28                I2C2_ER_IRQHandler
                0x0000000008000a28                DMA2_Stream1_IRQHandler
                0x0000000008000a28                FLASH_IRQHandler
                0x0000000008000a28                DMA2_Stream4_IRQHandler
                0x0000000008000a28                BusFault_Handler
                0x0000000008000a28                USART1_IRQHandler
                0x0000000008000a28                OTG_FS_IRQHandler
                0x0000000008000a28                DMA1_Stream4_IRQHandler
                0x0000000008000a28                I2C1_ER_IRQHandler
                0x0000000008000a28                DMA2_Stream6_IRQHandler
                0x0000000008000a28                DMA1_Stream3_IRQHandler
 *fill*         0x0000000008000a2a        0x2 
 .text.__libc_init_array
                0x0000000008000a2c       0x48 C:/ST/STM32CubeIDE_1.13.2/STM32CubeIDE/plugins/com.st.stm32cube.ide.mcu.externaltools.gnu-tools-for-stm32.11.3.rel1.win32_1.1.1.202309131626/tools/bin/../lib/gcc/arm-none-eabi/11.3.1/../../../../arm-none-eabi/lib/thumb/v7e-m+fp/hard\libc_nano.a(libc_a-init.o)
                0x0000000008000a2c                __libc_init_array
 *(.glue_7)
 .glue_7        0x0000000008000a74        0x0 linker stubs
 *(.glue_7t)
 .glue_7t       0x0000000008000a74        0x0 linker stubs
 *(.eh_frame)
 .eh_frame      0x0000000008000a74        0x0 C:/ST/STM32CubeIDE_1.13.2/STM32CubeIDE/plugins/com.st.stm32cube.ide.mcu.externaltools.gnu-tools-for-stm32.11.3.rel1.win32_1.1.1.202309131626/tools/bin/../lib/gcc/arm-none-eabi/11.3.1/thumb/v7e-m+fp/hard/crtbegin.o
 *(.init)
 .init          0x0000000008000a74        0x4 C:/ST/STM32CubeIDE_1.13.2/STM32CubeIDE/plugins/com.st.stm32cube.ide.mcu.externaltools.gnu-tools-for-stm32.11.3.rel1.win32_1.1.1.202309131626/tools/bin/../lib/gcc/arm-none-eabi/11.3.1/thumb/v7e-m+fp/hard/crti.o
                0x0000000008000a74                _init
 .init          0x0000000008000a78        0x8 C:/ST/STM32CubeIDE_1.13.2/STM32CubeIDE/plugins/com.st.stm32cube.ide.mcu.externaltools.gnu-tools-for-stm32.11.3.rel1.win32_1.1.1.202309131626/tools/bin/../lib/gcc/arm-none-eabi/11.3.1/thumb/v7e-m+fp/hard/crtn.o
 *(.fini)
 .fini          0x0000000008000a80        0x4 C:/ST/STM32CubeIDE_1.13.2/STM32CubeIDE/plugins/com.st.stm32cube.ide.mcu.externaltools.gnu-tools-for-stm32.11.3.rel1.win32_1.1.1.202309131626/tools/bin/../lib/gcc/arm-none-eabi/11.3.1/thumb/v7e-m+fp/hard/crti.o
                0x0000000008000a80                _fini
 .fini          0x0000000008000a84        0x8 C:/ST/STM32CubeIDE_1.13.2/STM32CubeIDE/plugins/com.st.stm32cube.ide.mcu.externaltools.gnu-tools-for-stm32.11.3.rel1.win32_1.1.1.202309131626/tools/bin/../lib/gcc/arm-none-eabi/11.3.1/thumb/v7e-m+fp/hard/crtn.o
                0x0000000008000a8c                . = ALIGN (0x4)
                0x0000000008000a8c                _etext = .

.vfp11_veneer   0x0000000008000a8c        0x0
 .vfp11_veneer  0x0000000008000a8c        0x0 linker stubs

.v4_bx          0x0000000008000a8c        0x0
 .v4_bx         0x0000000008000a8c        0x0 linker stubs

.iplt           0x0000000008000a8c        0x0
 .iplt          0x0000000008000a8c        0x0 C:/ST/STM32CubeIDE_1.13.2/STM32CubeIDE/plugins/com.st.stm32cube.ide.mcu.externaltools.gnu-tools-for-stm32.11.3.rel1.win32_1.1.1.202309131626/tools/bin/../lib/gcc/arm-none-eabi/11.3.1/thumb/v7e-m+fp/hard/crtbegin.o

.rel.dyn        0x0000000008000a8c        0x0
 .rel.iplt      0x0000000008000a8c        0x0 C:/ST/STM32CubeIDE_1.13.2/STM32CubeIDE/plugins/com.st.stm32cube.ide.mcu.externaltools.gnu-tools-for-stm32.11.3.rel1.win32_1.1.1.202309131626/tools/bin/../lib/gcc/arm-none-eabi/11.3.1/thumb/v7e-m+fp/hard/crtbegin.o

.rodata         0x0000000008000a8c        0x0
                0x0000000008000a8c                . = ALIGN (0x4)
 *(.rodata)
 *(.rodata*)
                0x0000000008000a8c                . = ALIGN (0x4)

.ARM.extab      0x0000000008000a8c        0x0
                0x0000000008000a8c                . = ALIGN (0x4)
 *(.ARM.extab* .gnu.linkonce.armextab.*)
                0x0000000008000a8c                . = ALIGN (0x4)

.ARM            0x0000000008000a8c        0x0
                0x0000000008000a8c                . = ALIGN (0x4)
                0x0000000008000a8c                __exidx_start = .
 *(.ARM.exidx*)
                0x0000000008000a8c                __exidx_end = .
                0x0000000008000a8c                . = ALIGN (0x4)

.preinit_array  0x0000000008000a8c        0x0
                0x0000000008000a8c                . = ALIGN (0x4)
                0x0000000008000a8c                PROVIDE (__preinit_array_start = .)
 *(.preinit_array*)
                0x0000000008000a8c                PROVIDE (__preinit_array_end = .)
                0x0000000008000a8c                . = ALIGN (0x4)

.init_array     0x0000000008000a8c        0x4
                0x0000000008000a8c                . = ALIGN (0x4)
                0x0000000008000a8c                PROVIDE (__init_array_start = .)
 *(SORT_BY_NAME(.init_array.*))
 *(.init_array*)
 .init_array    0x0000000008000a8c        0x4 C:/ST/STM32CubeIDE_1.13.2/STM32CubeIDE/plugins/com.st.stm32cube.ide.mcu.externaltools.gnu-tools-for-stm32.11.3.rel1.win32_1.1.1.202309131626/tools/bin/../lib/gcc/arm-none-eabi/11.3.1/thumb/v7e-m+fp/hard/crtbegin.o
                0x0000000008000a90                PROVIDE (__init_array_end = .)
                0x0000000008000a90                . = ALIGN (0x4)

.fini_array     0x0000000008000a90        0x4
                0x0000000008000a90                . = ALIGN (0x4)
                [!provide]                        PROVIDE (__fini_array_start = .)
 *(SORT_BY_NAME(.fini_array.*))
 *(.fini_array*)
 .fini_array    0x0000000008000a90        0x4 C:/ST/STM32CubeIDE_1.13.2/STM32CubeIDE/plugins/com.st.stm32cube.ide.mcu.externaltools.gnu-tools-for-stm32.11.3.rel1.win32_1.1.1.202309131626/tools/bin/../lib/gcc/arm-none-eabi/11.3.1/thumb/v7e-m+fp/hard/crtbegin.o
                [!provide]                        PROVIDE (__fini_array_end = .)
                0x0000000008000a94                . = ALIGN (0x4)
                0x0000000008000a94                _sidata = LOADADDR (.data)

.data           0x0000000020000000        0x0 load address 0x0000000008000a94
                0x0000000020000000                . = ALIGN (0x4)
                0x0000000020000000                _sdata = .
 *(.data)
 *(.data*)
 *(.RamFunc)
 *(.RamFunc*)
                0x0000000020000000                . = ALIGN (0x4)
                0x0000000020000000                _edata = .

.igot.plt       0x0000000020000000        0x0 load address 0x0000000008000a94
 .igot.plt      0x0000000020000000        0x0 C:/ST/STM32CubeIDE_1.13.2/STM32CubeIDE/plugins/com.st.stm32cube.ide.mcu.externaltools.gnu-tools-for-stm32.11.3.rel1.win32_1.1.1.202309131626/tools/bin/../lib/gcc/arm-none-eabi/11.3.1/thumb/v7e-m+fp/hard/crtbegin.o
                0x0000000020000000                . = ALIGN (0x4)

.bss            0x0000000020000000       0x84 load address 0x0000000008000a94
                0x0000000020000000                _sbss = .
                0x0000000020000000                __bss_start__ = _sbss
 *(.bss)
 .bss           0x0000000020000000       0x1c C:/ST/STM32CubeIDE_1.13.2/STM32CubeIDE/plugins/com.st.stm32cube.ide.mcu.externaltools.gnu-tools-for-stm32.11.3.rel1.win32_1.1.1.202309131626/tools/bin/../lib/gcc/arm-none-eabi/11.3.1/thumb/v7e-m+fp/hard/crtbegin.o
 *(.bss*)
 .bss.GLOBAL_EXTIPtr
                0x000000002000001c       0x40 ./Src/MCAL/MEXTI/MEXTI_Prog.o
 .bss.SPIx_pvTxcallback
                0x000000002000005c       0x10 ./Src/MCAL/MSPI/MSPI_Prog.o
 .bss.SPIx_pvRXcallback
                0x000000002000006c       0x10 ./Src/MCAL/MSPI/MSPI_Prog.o
 .bss.GLOBAL_SYSTICK_CallBack
                0x000000002000007c        0x4 ./Src/MCAL/MSTK/MSYSTICK_Prog.o
 .bss.Time      0x0000000020000080        0x2 ./Src/MCAL/MTIMER/MTIMER_Prog.o
                0x0000000020000080                Time
 .bss.x.0       0x0000000020000082        0x1 ./Src/MCAL/MTIMER/MTIMER_Prog.o
 *(COMMON)
                0x0000000020000084                . = ALIGN (0x4)
 *fill*         0x0000000020000083        0x1 
                0x0000000020000084                _ebss = .
                0x0000000020000084                __bss_end__ = _ebss

._user_heap_stack
                0x0000000020000084      0x604 load address 0x0000000008000a94
                0x0000000020000088                . = ALIGN (0x8)
 *fill*         0x0000000020000084        0x4 
                [!provide]                        PROVIDE (end = .)
                0x0000000020000088                PROVIDE (_end = .)
                0x0000000020000288                . = (. + _Min_Heap_Size)
 *fill*         0x0000000020000088      0x200 
                0x0000000020000688                . = (. + _Min_Stack_Size)
 *fill*         0x0000000020000288      0x400 
                0x0000000020000688                . = ALIGN (0x8)

/DISCARD/
 libc.a(*)
 libm.a(*)
 libgcc.a(*)

.ARM.attributes
                0x0000000000000000       0x30
 *(.ARM.attributes)
 .ARM.attributes
                0x0000000000000000       0x1e C:/ST/STM32CubeIDE_1.13.2/STM32CubeIDE/plugins/com.st.stm32cube.ide.mcu.externaltools.gnu-tools-for-stm32.11.3.rel1.win32_1.1.1.202309131626/tools/bin/../lib/gcc/arm-none-eabi/11.3.1/thumb/v7e-m+fp/hard/crti.o
 .ARM.attributes
                0x000000000000001e       0x34 C:/ST/STM32CubeIDE_1.13.2/STM32CubeIDE/plugins/com.st.stm32cube.ide.mcu.externaltools.gnu-tools-for-stm32.11.3.rel1.win32_1.1.1.202309131626/tools/bin/../lib/gcc/arm-none-eabi/11.3.1/thumb/v7e-m+fp/hard/crtbegin.o
 .ARM.attributes
                0x0000000000000052       0x34 ./Src/MCAL/MEXTI/MEXTI_Prog.o
 .ARM.attributes
                0x0000000000000086       0x34 ./Src/MCAL/MGPIO/MGPIO_Prog.o
 .ARM.attributes
                0x00000000000000ba       0x34 ./Src/MCAL/MRCC/MRCC_Prog.o
 .ARM.attributes
                0x00000000000000ee       0x34 ./Src/MCAL/MSPI/MSPI_Prog.o
 .ARM.attributes
                0x0000000000000122       0x34 ./Src/MCAL/MSTK/MSYSTICK_Prog.o
 .ARM.attributes
                0x0000000000000156       0x34 ./Src/MCAL/MTIMER/MTIMER_Prog.o
 .ARM.attributes
                0x000000000000018a       0x34 ./Src/main.o
 .ARM.attributes
                0x00000000000001be       0x21 ./Startup/startup_stm32f401rctx.o
 .ARM.attributes
                0x00000000000001df       0x34 C:/ST/STM32CubeIDE_1.13.2/STM32CubeIDE/plugins/com.st.stm32cube.ide.mcu.externaltools.gnu-tools-for-stm32.11.3.rel1.win32_1.1.1.202309131626/tools/bin/../lib/gcc/arm-none-eabi/11.3.1/../../../../arm-none-eabi/lib/thumb/v7e-m+fp/hard\libc_nano.a(libc_a-init.o)
 .ARM.attributes
                0x0000000000000213       0x1e C:/ST/STM32CubeIDE_1.13.2/STM32CubeIDE/plugins/com.st.stm32cube.ide.mcu.externaltools.gnu-tools-for-stm32.11.3.rel1.win32_1.1.1.202309131626/tools/bin/../lib/gcc/arm-none-eabi/11.3.1/thumb/v7e-m+fp/hard/crtn.o
OUTPUT(BlackPill_RC.elf elf32-littlearm)
LOAD linker stubs
LOAD C:/ST/STM32CubeIDE_1.13.2/STM32CubeIDE/plugins/com.st.stm32cube.ide.mcu.externaltools.gnu-tools-for-stm32.11.3.rel1.win32_1.1.1.202309131626/tools/bin/../lib/gcc/arm-none-eabi/11.3.1/../../../../arm-none-eabi/lib/thumb/v7e-m+fp/hard\libc.a
LOAD C:/ST/STM32CubeIDE_1.13.2/STM32CubeIDE/plugins/com.st.stm32cube.ide.mcu.externaltools.gnu-tools-for-stm32.11.3.rel1.win32_1.1.1.202309131626/tools/bin/../lib/gcc/arm-none-eabi/11.3.1/../../../../arm-none-eabi/lib/thumb/v7e-m+fp/hard\libm.a
LOAD C:/ST/STM32CubeIDE_1.13.2/STM32CubeIDE/plugins/com.st.stm32cube.ide.mcu.externaltools.gnu-tools-for-stm32.11.3.rel1.win32_1.1.1.202309131626/tools/bin/../lib/gcc/arm-none-eabi/11.3.1/thumb/v7e-m+fp/hard\libgcc.a

.comment        0x0000000000000000       0x43
 .comment       0x0000000000000000       0x43 C:/ST/STM32CubeIDE_1.13.2/STM32CubeIDE/plugins/com.st.stm32cube.ide.mcu.externaltools.gnu-tools-for-stm32.11.3.rel1.win32_1.1.1.202309131626/tools/bin/../lib/gcc/arm-none-eabi/11.3.1/thumb/v7e-m+fp/hard/crtbegin.o
                                         0x44 (size before relaxing)
 .comment       0x0000000000000043       0x44 ./Src/MCAL/MEXTI/MEXTI_Prog.o
 .comment       0x0000000000000043       0x44 ./Src/MCAL/MGPIO/MGPIO_Prog.o
 .comment       0x0000000000000043       0x44 ./Src/MCAL/MRCC/MRCC_Prog.o
 .comment       0x0000000000000043       0x44 ./Src/MCAL/MSPI/MSPI_Prog.o
 .comment       0x0000000000000043       0x44 ./Src/MCAL/MSTK/MSYSTICK_Prog.o
 .comment       0x0000000000000043       0x44 ./Src/MCAL/MTIMER/MTIMER_Prog.o
 .comment       0x0000000000000043       0x44 ./Src/main.o

.debug_info     0x0000000000000000     0x1428
 .debug_info    0x0000000000000000      0x3f1 ./Src/MCAL/MEXTI/MEXTI_Prog.o
 .debug_info    0x00000000000003f1      0x2fe ./Src/MCAL/MGPIO/MGPIO_Prog.o
 .debug_info    0x00000000000006ef      0x338 ./Src/MCAL/MRCC/MRCC_Prog.o
 .debug_info    0x0000000000000a27      0x3a6 ./Src/MCAL/MSPI/MSPI_Prog.o
 .debug_info    0x0000000000000dcd      0x1b5 ./Src/MCAL/MSTK/MSYSTICK_Prog.o
 .debug_info    0x0000000000000f82      0x29c ./Src/MCAL/MTIMER/MTIMER_Prog.o
 .debug_info    0x000000000000121e      0x1e7 ./Src/main.o
 .debug_info    0x0000000000001405       0x23 ./Startup/startup_stm32f401rctx.o

.debug_abbrev   0x0000000000000000      0x838
 .debug_abbrev  0x0000000000000000      0x140 ./Src/MCAL/MEXTI/MEXTI_Prog.o
 .debug_abbrev  0x0000000000000140       0xec ./Src/MCAL/MGPIO/MGPIO_Prog.o
 .debug_abbrev  0x000000000000022c       0xd8 ./Src/MCAL/MRCC/MRCC_Prog.o
 .debug_abbrev  0x0000000000000304      0x182 ./Src/MCAL/MSPI/MSPI_Prog.o
 .debug_abbrev  0x0000000000000486      0x142 ./Src/MCAL/MSTK/MSYSTICK_Prog.o
 .debug_abbrev  0x00000000000005c8      0x18d ./Src/MCAL/MTIMER/MTIMER_Prog.o
 .debug_abbrev  0x0000000000000755       0xd1 ./Src/main.o
 .debug_abbrev  0x0000000000000826       0x12 ./Startup/startup_stm32f401rctx.o

.debug_aranges  0x0000000000000000      0x298
 .debug_aranges
                0x0000000000000000       0x98 ./Src/MCAL/MEXTI/MEXTI_Prog.o
 .debug_aranges
                0x0000000000000098       0x58 ./Src/MCAL/MGPIO/MGPIO_Prog.o
 .debug_aranges
                0x00000000000000f0       0x30 ./Src/MCAL/MRCC/MRCC_Prog.o
 .debug_aranges
                0x0000000000000120       0x80 ./Src/MCAL/MSPI/MSPI_Prog.o
 .debug_aranges
                0x00000000000001a0       0x58 ./Src/MCAL/MSTK/MSYSTICK_Prog.o
 .debug_aranges
                0x00000000000001f8       0x50 ./Src/MCAL/MTIMER/MTIMER_Prog.o
 .debug_aranges
                0x0000000000000248       0x28 ./Src/main.o
 .debug_aranges
                0x0000000000000270       0x28 ./Startup/startup_stm32f401rctx.o

.debug_rnglists
                0x0000000000000000      0x1dd
 .debug_rnglists
                0x0000000000000000       0x70 ./Src/MCAL/MEXTI/MEXTI_Prog.o
 .debug_rnglists
                0x0000000000000070       0x45 ./Src/MCAL/MGPIO/MGPIO_Prog.o
 .debug_rnglists
                0x00000000000000b5       0x21 ./Src/MCAL/MRCC/MRCC_Prog.o
 .debug_rnglists
                0x00000000000000d6       0x5f ./Src/MCAL/MSPI/MSPI_Prog.o
 .debug_rnglists
                0x0000000000000135       0x3d ./Src/MCAL/MSTK/MSYSTICK_Prog.o
 .debug_rnglists
                0x0000000000000172       0x39 ./Src/MCAL/MTIMER/MTIMER_Prog.o
 .debug_rnglists
                0x00000000000001ab       0x19 ./Src/main.o
 .debug_rnglists
                0x00000000000001c4       0x19 ./Startup/startup_stm32f401rctx.o

.debug_macro    0x0000000000000000      0x824
 .debug_macro   0x0000000000000000       0x45 ./Src/MCAL/MEXTI/MEXTI_Prog.o
 .debug_macro   0x0000000000000045       0x4c ./Src/MCAL/MEXTI/MEXTI_Prog.o
 .debug_macro   0x0000000000000091       0x2e ./Src/MCAL/MEXTI/MEXTI_Prog.o
 .debug_macro   0x00000000000000bf       0x2e ./Src/MCAL/MEXTI/MEXTI_Prog.o
 .debug_macro   0x00000000000000ed       0x3f ./Src/MCAL/MGPIO/MGPIO_Prog.o
 .debug_macro   0x000000000000012c       0x2e ./Src/MCAL/MGPIO/MGPIO_Prog.o
 .debug_macro   0x000000000000015a      0x136 ./Src/MCAL/MGPIO/MGPIO_Prog.o
 .debug_macro   0x0000000000000290       0x45 ./Src/MCAL/MRCC/MRCC_Prog.o
 .debug_macro   0x00000000000002d5       0x16 ./Src/MCAL/MRCC/MRCC_Prog.o
 .debug_macro   0x00000000000002eb       0x7c ./Src/MCAL/MRCC/MRCC_Prog.o
 .debug_macro   0x0000000000000367       0x51 ./Src/MCAL/MSPI/MSPI_Prog.o
 .debug_macro   0x00000000000003b8       0x88 ./Src/MCAL/MSPI/MSPI_Prog.o
 .debug_macro   0x0000000000000440       0x6a ./Src/MCAL/MSPI/MSPI_Prog.o
 .debug_macro   0x00000000000004aa       0x16 ./Src/MCAL/MSPI/MSPI_Prog.o
 .debug_macro   0x00000000000004c0      0x130 ./Src/MCAL/MSPI/MSPI_Prog.o
 .debug_macro   0x00000000000005f0       0x45 ./Src/MCAL/MSTK/MSYSTICK_Prog.o
 .debug_macro   0x0000000000000635       0x2e ./Src/MCAL/MSTK/MSYSTICK_Prog.o
 .debug_macro   0x0000000000000663       0x28 ./Src/MCAL/MSTK/MSYSTICK_Prog.o
 .debug_macro   0x000000000000068b       0x44 ./Src/MCAL/MTIMER/MTIMER_Prog.o
 .debug_macro   0x00000000000006cf       0xe2 ./Src/MCAL/MTIMER/MTIMER_Prog.o
 .debug_macro   0x00000000000007b1       0x10 ./Src/MCAL/MTIMER/MTIMER_Prog.o
 .debug_macro   0x00000000000007c1       0x63 ./Src/main.o

.debug_line     0x0000000000000000     0x12bf
 .debug_line    0x0000000000000000      0x3b4 ./Src/MCAL/MEXTI/MEXTI_Prog.o
 .debug_line    0x00000000000003b4      0x432 ./Src/MCAL/MGPIO/MGPIO_Prog.o
 .debug_line    0x00000000000007e6      0x169 ./Src/MCAL/MRCC/MRCC_Prog.o
 .debug_line    0x000000000000094f      0x3c0 ./Src/MCAL/MSPI/MSPI_Prog.o
 .debug_line    0x0000000000000d0f      0x1bd ./Src/MCAL/MSTK/MSYSTICK_Prog.o
 .debug_line    0x0000000000000ecc      0x1e6 ./Src/MCAL/MTIMER/MTIMER_Prog.o
 .debug_line    0x00000000000010b2      0x192 ./Src/main.o
 .debug_line    0x0000000000001244       0x7b ./Startup/startup_stm32f401rctx.o

.debug_str      0x0000000000000000     0x49d1
 .debug_str     0x0000000000000000     0x3426 ./Src/MCAL/MEXTI/MEXTI_Prog.o
                                       0x348c (size before relaxing)
 .debug_str     0x0000000000003426      0x5d0 ./Src/MCAL/MGPIO/MGPIO_Prog.o
                                       0x3671 (size before relaxing)
 .debug_str     0x00000000000039f6      0x3ff ./Src/MCAL/MRCC/MRCC_Prog.o
                                       0x348d (size before relaxing)
 .debug_str     0x0000000000003df5      0x4bd ./Src/MCAL/MSPI/MSPI_Prog.o
                                       0x3884 (size before relaxing)
 .debug_str     0x00000000000042b2      0x225 ./Src/MCAL/MSTK/MSYSTICK_Prog.o
                                       0x32b7 (size before relaxing)
 .debug_str     0x00000000000044d7      0x485 ./Src/MCAL/MTIMER/MTIMER_Prog.o
                                       0x352e (size before relaxing)
 .debug_str     0x000000000000495c       0x46 ./Src/main.o
                                       0x33e6 (size before relaxing)
 .debug_str     0x00000000000049a2       0x2f ./Startup/startup_stm32f401rctx.o
                                         0x6a (size before relaxing)

.debug_frame    0x0000000000000000      0x8ac
 .debug_frame   0x0000000000000000      0x23c ./Src/MCAL/MEXTI/MEXTI_Prog.o
 .debug_frame   0x000000000000023c      0x150 ./Src/MCAL/MGPIO/MGPIO_Prog.o
 .debug_frame   0x000000000000038c       0x80 ./Src/MCAL/MRCC/MRCC_Prog.o
 .debug_frame   0x000000000000040c      0x1f4 ./Src/MCAL/MSPI/MSPI_Prog.o
 .debug_frame   0x0000000000000600      0x12c ./Src/MCAL/MSTK/MSYSTICK_Prog.o
 .debug_frame   0x000000000000072c      0x10c ./Src/MCAL/MTIMER/MTIMER_Prog.o
 .debug_frame   0x0000000000000838       0x48 ./Src/main.o
 .debug_frame   0x0000000000000880       0x2c C:/ST/STM32CubeIDE_1.13.2/STM32CubeIDE/plugins/com.st.stm32cube.ide.mcu.externaltools.gnu-tools-for-stm32.11.3.rel1.win32_1.1.1.202309131626/tools/bin/../lib/gcc/arm-none-eabi/11.3.1/../../../../arm-none-eabi/lib/thumb/v7e-m+fp/hard\libc_nano.a(libc_a-init.o)

.debug_line_str
                0x0000000000000000       0x5e
 .debug_line_str
                0x0000000000000000       0x5e ./Startup/startup_stm32f401rctx.o
                                         0x76 (size before relaxing)
