Archive member included to satisfy reference by file (symbol)

c:/st/stm32cubeide_1.4.0/stm32cubeide/plugins/com.st.stm32cube.ide.mcu.externaltools.gnu-tools-for-stm32.7-2018-q2-update.win32_1.4.0.202007081208/tools/bin/../lib/gcc/arm-none-eabi/7.3.1/../../../../arm-none-eabi/lib/thumb/v7e-m/fpv4-sp/hard\libc_nano.a(lib_a-errno.o)
                              Src/syscalls.o (__errno)
c:/st/stm32cubeide_1.4.0/stm32cubeide/plugins/com.st.stm32cube.ide.mcu.externaltools.gnu-tools-for-stm32.7-2018-q2-update.win32_1.4.0.202007081208/tools/bin/../lib/gcc/arm-none-eabi/7.3.1/../../../../arm-none-eabi/lib/thumb/v7e-m/fpv4-sp/hard\libc_nano.a(lib_a-exit.o)
                              c:/st/stm32cubeide_1.4.0/stm32cubeide/plugins/com.st.stm32cube.ide.mcu.externaltools.gnu-tools-for-stm32.7-2018-q2-update.win32_1.4.0.202007081208/tools/bin/../lib/gcc/arm-none-eabi/7.3.1/../../../../arm-none-eabi/lib/thumb/v7e-m/fpv4-sp/hard/crt0.o (exit)
c:/st/stm32cubeide_1.4.0/stm32cubeide/plugins/com.st.stm32cube.ide.mcu.externaltools.gnu-tools-for-stm32.7-2018-q2-update.win32_1.4.0.202007081208/tools/bin/../lib/gcc/arm-none-eabi/7.3.1/../../../../arm-none-eabi/lib/thumb/v7e-m/fpv4-sp/hard\libc_nano.a(lib_a-impure.o)
                              c:/st/stm32cubeide_1.4.0/stm32cubeide/plugins/com.st.stm32cube.ide.mcu.externaltools.gnu-tools-for-stm32.7-2018-q2-update.win32_1.4.0.202007081208/tools/bin/../lib/gcc/arm-none-eabi/7.3.1/../../../../arm-none-eabi/lib/thumb/v7e-m/fpv4-sp/hard\libc_nano.a(lib_a-exit.o) (_global_impure_ptr)
c:/st/stm32cubeide_1.4.0/stm32cubeide/plugins/com.st.stm32cube.ide.mcu.externaltools.gnu-tools-for-stm32.7-2018-q2-update.win32_1.4.0.202007081208/tools/bin/../lib/gcc/arm-none-eabi/7.3.1/../../../../arm-none-eabi/lib/thumb/v7e-m/fpv4-sp/hard\libc_nano.a(lib_a-init.o)
                              c:/st/stm32cubeide_1.4.0/stm32cubeide/plugins/com.st.stm32cube.ide.mcu.externaltools.gnu-tools-for-stm32.7-2018-q2-update.win32_1.4.0.202007081208/tools/bin/../lib/gcc/arm-none-eabi/7.3.1/../../../../arm-none-eabi/lib/thumb/v7e-m/fpv4-sp/hard/crt0.o (__libc_init_array)
c:/st/stm32cubeide_1.4.0/stm32cubeide/plugins/com.st.stm32cube.ide.mcu.externaltools.gnu-tools-for-stm32.7-2018-q2-update.win32_1.4.0.202007081208/tools/bin/../lib/gcc/arm-none-eabi/7.3.1/../../../../arm-none-eabi/lib/thumb/v7e-m/fpv4-sp/hard\libc_nano.a(lib_a-memset.o)
                              c:/st/stm32cubeide_1.4.0/stm32cubeide/plugins/com.st.stm32cube.ide.mcu.externaltools.gnu-tools-for-stm32.7-2018-q2-update.win32_1.4.0.202007081208/tools/bin/../lib/gcc/arm-none-eabi/7.3.1/../../../../arm-none-eabi/lib/thumb/v7e-m/fpv4-sp/hard/crt0.o (memset)
c:/st/stm32cubeide_1.4.0/stm32cubeide/plugins/com.st.stm32cube.ide.mcu.externaltools.gnu-tools-for-stm32.7-2018-q2-update.win32_1.4.0.202007081208/tools/bin/../lib/gcc/arm-none-eabi/7.3.1/../../../../arm-none-eabi/lib/thumb/v7e-m/fpv4-sp/hard\libm.a(lib_a-w_atan2.o)
                              Src/Application/Path_Tracking.o (atan2)
c:/st/stm32cubeide_1.4.0/stm32cubeide/plugins/com.st.stm32cube.ide.mcu.externaltools.gnu-tools-for-stm32.7-2018-q2-update.win32_1.4.0.202007081208/tools/bin/../lib/gcc/arm-none-eabi/7.3.1/../../../../arm-none-eabi/lib/thumb/v7e-m/fpv4-sp/hard\libm.a(lib_a-w_pow.o)
                              Src/Application/Motion_Planing.o (pow)
c:/st/stm32cubeide_1.4.0/stm32cubeide/plugins/com.st.stm32cube.ide.mcu.externaltools.gnu-tools-for-stm32.7-2018-q2-update.win32_1.4.0.202007081208/tools/bin/../lib/gcc/arm-none-eabi/7.3.1/../../../../arm-none-eabi/lib/thumb/v7e-m/fpv4-sp/hard\libm.a(lib_a-w_sqrt.o)
                              Src/Application/Motion_Planing.o (sqrt)
c:/st/stm32cubeide_1.4.0/stm32cubeide/plugins/com.st.stm32cube.ide.mcu.externaltools.gnu-tools-for-stm32.7-2018-q2-update.win32_1.4.0.202007081208/tools/bin/../lib/gcc/arm-none-eabi/7.3.1/../../../../arm-none-eabi/lib/thumb/v7e-m/fpv4-sp/hard\libm.a(lib_a-e_atan2.o)
                              c:/st/stm32cubeide_1.4.0/stm32cubeide/plugins/com.st.stm32cube.ide.mcu.externaltools.gnu-tools-for-stm32.7-2018-q2-update.win32_1.4.0.202007081208/tools/bin/../lib/gcc/arm-none-eabi/7.3.1/../../../../arm-none-eabi/lib/thumb/v7e-m/fpv4-sp/hard\libm.a(lib_a-w_atan2.o) (__ieee754_atan2)
c:/st/stm32cubeide_1.4.0/stm32cubeide/plugins/com.st.stm32cube.ide.mcu.externaltools.gnu-tools-for-stm32.7-2018-q2-update.win32_1.4.0.202007081208/tools/bin/../lib/gcc/arm-none-eabi/7.3.1/../../../../arm-none-eabi/lib/thumb/v7e-m/fpv4-sp/hard\libm.a(lib_a-e_pow.o)
                              c:/st/stm32cubeide_1.4.0/stm32cubeide/plugins/com.st.stm32cube.ide.mcu.externaltools.gnu-tools-for-stm32.7-2018-q2-update.win32_1.4.0.202007081208/tools/bin/../lib/gcc/arm-none-eabi/7.3.1/../../../../arm-none-eabi/lib/thumb/v7e-m/fpv4-sp/hard\libm.a(lib_a-w_pow.o) (__ieee754_pow)
[...]
Memory Configuration

Name             Origin             Length             Attributes
RAM              0x0000000020000000 0x0000000000010000 xrw
ROM              0x0000000008000000 0x0000000000040000 xr
*default*        0x0000000000000000 0xffffffffffffffff

Linker script and memory map

LOAD c:/st/stm32cubeide_1.4.0/stm32cubeide/plugins/com.st.stm32cube.ide.mcu.externaltools.gnu-tools-for-stm32.7-2018-q2-update.win32_1.4.0.202007081208/tools/bin/../lib/gcc/arm-none-eabi/7.3.1/thumb/v7e-m/fpv4-sp/hard/crti.o
LOAD c:/st/stm32cubeide_1.4.0/stm32cubeide/plugins/com.st.stm32cube.ide.mcu.externaltools.gnu-tools-for-stm32.7-2018-q2-update.win32_1.4.0.202007081208/tools/bin/../lib/gcc/arm-none-eabi/7.3.1/thumb/v7e-m/fpv4-sp/hard/crtbegin.o
LOAD c:/st/stm32cubeide_1.4.0/stm32cubeide/plugins/com.st.stm32cube.ide.mcu.externaltools.gnu-tools-for-stm32.7-2018-q2-update.win32_1.4.0.202007081208/tools/bin/../lib/gcc/arm-none-eabi/7.3.1/../../../../arm-none-eabi/lib/thumb/v7e-m/fpv4-sp/hard/crt0.o
LOAD Src/Application/Car_Control.o
LOAD Src/Application/Collision_Avoidance.o
LOAD Src/Application/Motion_Planing.o
LOAD Src/Application/Path_Tracking.o
LOAD Src/Application/Scenario_Select.o
LOAD Src/HAL/HCOMPASS/HAL_COMPASS.o
LOAD Src/HAL/HMOTOR/HMOTOR.o
LOAD Src/HAL/HSERVO/HSERVO_Prog.o
LOAD Src/HAL/HULTRA_SONIC/HULTRA_SONIC_Prog.o
LOAD Src/MCAL/MEXTI/MEXTI_Prog.o
LOAD Src/MCAL/MGPIO/MGPIO_Prog.o
LOAD Src/MCAL/MI2C/MI2C_Prog.o
LOAD Src/MCAL/MIWDT/MIWDT_Prog.o
LOAD Src/MCAL/MNVIC/MNVIC_Prog.o
LOAD Src/MCAL/MRCC/MRCC_Prog.o
LOAD Src/MCAL/MSPI/MSPI_Prog.o
LOAD Src/MCAL/MSTK/MSYSTICK_Prog.o
LOAD Src/MCAL/MTIMER/MTIMER_Prog.o
LOAD Src/MCAL/MUART/MUSART_Program.o
LOAD Src/main.o
LOAD Src/syscalls.o
LOAD Src/sysmem.o
LOAD Startup/startup_stm32f401rctx.o
START GROUP
LOAD c:/st/stm32cubeide_1.4.0/stm32cubeide/plugins/com.st.stm32cube.ide.mcu.externaltools.gnu-tools-for-stm32.7-2018-q2-update.win32_1.4.0.202007081208/tools/bin/../lib/gcc/arm-none-eabi/7.3.1/../../../../arm-none-eabi/lib/thumb/v7e-m/fpv4-sp/hard\libc_nano.a
LOAD c:/st/stm32cubeide_1.4.0/stm32cubeide/plugins/com.st.stm32cube.ide.mcu.externaltools.gnu-tools-for-stm32.7-2018-q2-update.win32_1.4.0.202007081208/tools/bin/../lib/gcc/arm-none-eabi/7.3.1/../../../../arm-none-eabi/lib/thumb/v7e-m/fpv4-sp/hard\libm.a
END GROUP
START GROUP
LOAD c:/st/stm32cubeide_1.4.0/stm32cubeide/plugins/com.st.stm32cube.ide.mcu.externaltools.gnu-tools-for-stm32.7-2018-q2-update.win32_1.4.0.202007081208/tools/bin/../lib/gcc/arm-none-eabi/7.3.1/thumb/v7e-m/fpv4-sp/hard\libgcc.a
LOAD c:/st/stm32cubeide_1.4.0/stm32cubeide/plugins/com.st.stm32cube.ide.mcu.externaltools.gnu-tools-for-stm32.7-2018-q2-update.win32_1.4.0.202007081208/tools/bin/../lib/gcc/arm-none-eabi/7.3.1/../../../../arm-none-eabi/lib/thumb/v7e-m/fpv4-sp/hard\libc_nano.a
END GROUP
START GROUP
LOAD c:/st/stm32cubeide_1.4.0/stm32cubeide/plugins/com.st.stm32cube.ide.mcu.externaltools.gnu-tools-for-stm32.7-2018-q2-update.win32_1.4.0.202007081208/tools/bin/../lib/gcc/arm-none-eabi/7.3.1/thumb/v7e-m/fpv4-sp/hard\libgcc.a
LOAD c:/st/stm32cubeide_1.4.0/stm32cubeide/plugins/com.st.stm32cube.ide.mcu.externaltools.gnu-tools-for-stm32.7-2018-q2-update.win32_1.4.0.202007081208/tools/bin/../lib/gcc/arm-none-eabi/7.3.1/../../../../arm-none-eabi/lib/thumb/v7e-m/fpv4-sp/hard\libc_nano.a
LOAD c:/st/stm32cubeide_1.4.0/stm32cubeide/plugins/com.st.stm32cube.ide.mcu.externaltools.gnu-tools-for-stm32.7-2018-q2-update.win32_1.4.0.202007081208/tools/bin/../lib/gcc/arm-none-eabi/7.3.1/../../../../arm-none-eabi/lib/thumb/v7e-m/fpv4-sp/hard\libnosys.a
END GROUP
START GROUP
LOAD c:/st/stm32cubeide_1.4.0/stm32cubeide/plugins/com.st.stm32cube.ide.mcu.externaltools.gnu-tools-for-stm32.7-2018-q2-update.win32_1.4.0.202007081208/tools/bin/../lib/gcc/arm-none-eabi/7.3.1/thumb/v7e-m/fpv4-sp/hard\libgcc.a
LOAD c:/st/stm32cubeide_1.4.0/stm32cubeide/plugins/com.st.stm32cube.ide.mcu.externaltools.gnu-tools-for-stm32.7-2018-q2-update.win32_1.4.0.202007081208/tools/bin/../lib/gcc/arm-none-eabi/7.3.1/../../../../arm-none-eabi/lib/thumb/v7e-m/fpv4-sp/hard\libc_nano.a
LOAD c:/st/stm32cubeide_1.4.0/stm32cubeide/plugins/com.st.stm32cube.ide.mcu.externaltools.gnu-tools-for-stm32.7-2018-q2-update.win32_1.4.0.202007081208/tools/bin/../lib/gcc/arm-none-eabi/7.3.1/../../../../arm-none-eabi/lib/thumb/v7e-m/fpv4-sp/hard\libnosys.a
END GROUP
LOAD c:/st/stm32cubeide_1.4.0/stm32cubeide/plugins/com.st.stm32cube.ide.mcu.externaltools.gnu-tools-for-stm32.7-2018-q2-update.win32_1.4.0.202007081208/tools/bin/../lib/gcc/arm-none-eabi/7.3.1/thumb/v7e-m/fpv4-sp/hard/crtend.o
LOAD c:/st/stm32cubeide_1.4.0/stm32cubeide/plugins/com.st.stm32cube.ide.mcu.externaltools.gnu-tools-for-stm32.7-2018-q2-update.win32_1.4.0.202007081208/tools/bin/../lib/gcc/arm-none-eabi/7.3.1/thumb/v7e-m/fpv4-sp/hard/crtn.o
                0x0000000020010000                _estack = (ORIGIN (RAM) + LENGTH (RAM))
                0x0000000000000200                _Min_Heap_Size = 0x200
                0x0000000000000400                _Min_Stack_Size = 0x400

.isr_vector     0x0000000008000000      0x194
                0x0000000008000000                . = ALIGN (0x4)
 *(.isr_vector)
 .isr_vector    0x0000000008000000      0x194 Startup/startup_stm32f401rctx.o
                0x0000000008000000                g_pfnVectors
                0x0000000008000194                . = ALIGN (0x4)

.text           0x0000000008000198     0x2108
                0x0000000008000198                . = ALIGN (0x4)
 *(.text)
 .text          0x0000000008000198       0x40 c:/st/stm32cubeide_1.4.0/stm32cubeide/plugins/com.st.stm32cube.ide.mcu.externaltools.gnu-tools-for-stm32.7-2018-q2-update.win32_1.4.0.202007081208/tools/bin/../lib/gcc/arm-none-eabi/7.3.1/thumb/v7e-m/fpv4-sp/hard/crtbegin.o
 .text          0x00000000080001d8      0x378 c:/st/stm32cubeide_1.4.0/stm32cubeide/plugins/com.st.stm32cube.ide.mcu.externaltools.gnu-tools-for-stm32.7-2018-q2-update.win32_1.4.0.202007081208/tools/bin/../lib/gcc/arm-none-eabi/7.3.1/thumb/v7e-m/fpv4-sp/hard\libgcc.a(_arm_addsubdf3.o)
                0x00000000080001d8                __aeabi_drsub
                0x00000000080001e0                __aeabi_dsub
                0x00000000080001e0                __subdf3
                0x00000000080001e4                __aeabi_dadd
                0x00000000080001e4                __adddf3
                0x000000000800045c                __floatunsidf
                0x000000000800045c                __aeabi_ui2d
                0x000000000800047c                __floatsidf
                0x000000000800047c                __aeabi_i2d
                0x00000000080004a0                __aeabi_f2d
                0x00000000080004a0                __extendsfdf2
                0x00000000080004e4                __floatundidf
                0x00000000080004e4                __aeabi_ul2d
                0x00000000080004f4                __floatdidf
                0x00000000080004f4                __aeabi_l2d
 .text          0x0000000008000550      0x424 c:/st/stm32cubeide_1.4.0/stm32cubeide/plugins/com.st.stm32cube.ide.mcu.externaltools.gnu-tools-for-stm32.7-2018-q2-update.win32_1.4.0.202007081208/tools/bin/../lib/gcc/arm-none-eabi/7.3.1/thumb/v7e-m/fpv4-sp/hard\libgcc.a(_arm_muldivdf3.o)
                0x0000000008000550                __aeabi_dmul
                0x0000000008000550                __muldf3
                0x00000000080007a4                __divdf3
                0x00000000080007a4                __aeabi_ddiv
 .text          0x0000000008000974       0xa0 c:/st/stm32cubeide_1.4.0/stm32cubeide/plugins/com.st.stm32cube.ide.mcu.externaltools.gnu-tools-for-stm32.7-2018-q2-update.win32_1.4.0.202007081208/tools/bin/../lib/gcc/arm-none-eabi/7.3.1/thumb/v7e-m/fpv4-sp/hard\libgcc.a(_arm_truncdfsf2.o)
                0x0000000008000974                __truncdfsf2
                0x0000000008000974                __aeabi_d2f
 *(.text*)
 .text.Increment_Pulse_CallBack
                0x0000000008000a14       0x2c Src/HAL/HMOTOR/HMOTOR.o
                0x0000000008000a14                Increment_Pulse_CallBack
 .text.HAL_MOTOR_Init
                0x0000000008000a40       0xbc Src/HAL/HMOTOR/HMOTOR.o
                0x0000000008000a40                HAL_MOTOR_Init
 *fill*         0x0000000008000afc        0x4 
 .text.HAL_MOTOR_MOVE
                0x0000000008000b00      0x12c Src/HAL/HMOTOR/HMOTOR.o
                0x0000000008000b00                HAL_MOTOR_MOVE
 .text.HAL_MOTOR_STOP
                0x0000000008000c2c       0x34 Src/HAL/HMOTOR/HMOTOR.o
                0x0000000008000c2c                HAL_MOTOR_STOP
 .text.HSERVO_vServoInit
                0x0000000008000c60      0x1f0 Src/HAL/HSERVO/HSERVO_Prog.o
                0x0000000008000c60                HSERVO_vServoInit
 .text.HSERVO_vServoDeg
                0x0000000008000e50       0x84 Src/HAL/HSERVO/HSERVO_Prog.o
                0x0000000008000e50                HSERVO_vServoDeg
 .text.SYSCFG_vConfigEXTI_Line
                0x0000000008000ed4       0x74 Src/MCAL/MEXTI/MEXTI_Prog.o
                0x0000000008000ed4                SYSCFG_vConfigEXTI_Line
 .text.MEXTI_vEnableInterrupt
                0x0000000008000f48       0x30 Src/MCAL/MEXTI/MEXTI_Prog.o
                0x0000000008000f48                MEXTI_vEnableInterrupt
 .text.MEXTI_vInterruptTrigger
                0x0000000008000f78       0xb4 Src/MCAL/MEXTI/MEXTI_Prog.o
                0x0000000008000f78                MEXTI_vInterruptTrigger
 .text.MEXTI_vCallBack
                0x000000000800102c       0x2c Src/MCAL/MEXTI/MEXTI_Prog.o
                0x000000000800102c                MEXTI_vCallBack
 .text.EXTI0_IRQHandler
                0x0000000008001058       0x24 Src/MCAL/MEXTI/MEXTI_Prog.o
                0x0000000008001058                EXTI0_IRQHandler
 .text.EXTI1_IRQHandler
                0x000000000800107c       0x24 Src/MCAL/MEXTI/MEXTI_Prog.o
                0x000000000800107c                EXTI1_IRQHandler
 .text.EXTI2_IRQHandler
                0x00000000080010a0       0x24 Src/MCAL/MEXTI/MEXTI_Prog.o
                0x00000000080010a0                EXTI2_IRQHandler
 .text.EXTI3_IRQHandler
                0x00000000080010c4       0x24 Src/MCAL/MEXTI/MEXTI_Prog.o
                0x00000000080010c4                EXTI3_IRQHandler
 .text.EXTI4_IRQHandler
                0x00000000080010e8       0x24 Src/MCAL/MEXTI/MEXTI_Prog.o
                0x00000000080010e8                EXTI4_IRQHandler
 .text.EXTI9_5_IRQHandler
                0x000000000800110c      0x144 Src/MCAL/MEXTI/MEXTI_Prog.o
                0x000000000800110c                EXTI9_5_IRQHandler
 .text.EXTI15_10_IRQHandler
                0x0000000008001250      0x184 Src/MCAL/MEXTI/MEXTI_Prog.o
                0x0000000008001250                EXTI15_10_IRQHandler
 .text.MGPIO_vSetPinMode
                0x00000000080013d4       0xcc Src/MCAL/MGPIO/MGPIO_Prog.o
                0x00000000080013d4                MGPIO_vSetPinMode
 .text.MGPIO_vSetPinValue
                0x00000000080014a0       0xd8 Src/MCAL/MGPIO/MGPIO_Prog.o
                0x00000000080014a0                MGPIO_vSetPinValue
 .text.MGPIO_vSetAlternativeFunction
                0x0000000008001578      0x180 Src/MCAL/MGPIO/MGPIO_Prog.o
                0x0000000008001578                MGPIO_vSetAlternativeFunction
 .text.MNVIC_vEnableInterrupt
                0x00000000080016f8       0x34 Src/MCAL/MNVIC/MNVIC_Prog.o
                0x00000000080016f8                MNVIC_vEnableInterrupt
 .text.MRCC_vInit
                0x000000000800172c       0x4c Src/MCAL/MRCC/MRCC_Prog.o
                0x000000000800172c                MRCC_vInit
 .text.MRCC_vEnableClock
                0x0000000008001778       0x94 Src/MCAL/MRCC/MRCC_Prog.o
                0x0000000008001778                MRCC_vEnableClock
 .text.SPI1_IRQHandler
                0x000000000800180c       0x4c Src/MCAL/MSPI/MSPI_Prog.o
                0x000000000800180c                SPI1_IRQHandler
 .text.SPI2_IRQHandler
                0x0000000008001858       0x4c Src/MCAL/MSPI/MSPI_Prog.o
                0x0000000008001858                SPI2_IRQHandler
 .text.SPI3_IRQHandler
                0x00000000080018a4       0x4c Src/MCAL/MSPI/MSPI_Prog.o
                0x00000000080018a4                SPI3_IRQHandler
 .text.SPI4_IRQHandler
                0x00000000080018f0       0x4c Src/MCAL/MSPI/MSPI_Prog.o
                0x00000000080018f0                SPI4_IRQHandler
 .text.SysTick_Handler
                0x000000000800193c       0x1c Src/MCAL/MSTK/MSYSTICK_Prog.o
                0x000000000800193c                SysTick_Handler
 .text.GET_TIMER
                0x0000000008001958       0x44 Src/MCAL/MTIMER/MTIMER_Prog.o
                0x0000000008001958                GET_TIMER
 .text.MTIMER_vPWM
                0x000000000800199c      0x25c Src/MCAL/MTIMER/MTIMER_Prog.o
                0x000000000800199c                MTIMER_vPWM
 .text.TIMER_ICU
                0x0000000008001bf8       0xf0 Src/MCAL/MTIMER/MTIMER_Prog.o
                0x0000000008001bf8                TIMER_ICU
 .text.TIM1_UP_TIM10_IRQHandler
                0x0000000008001ce8       0x94 Src/MCAL/MTIMER/MTIMER_Prog.o
                0x0000000008001ce8                TIM1_UP_TIM10_IRQHandler
 .text.TIM1_TRG_COM_TIM11_IRQHandler
                0x0000000008001d7c       0x88 Src/MCAL/MTIMER/MTIMER_Prog.o
                0x0000000008001d7c                TIM1_TRG_COM_TIM11_IRQHandler
 .text.TIM1_BRK_TIM9_IRQHandler
                0x0000000008001e04       0x9c Src/MCAL/MTIMER/MTIMER_Prog.o
                0x0000000008001e04                TIM1_BRK_TIM9_IRQHandler
 .text.TIM1_CC_IRQHandler
                0x0000000008001ea0       0x8c Src/MCAL/MTIMER/MTIMER_Prog.o
                0x0000000008001ea0                TIM1_CC_IRQHandler
 .text.TIM2_IRQHandler
                0x0000000008001f2c       0xf0 Src/MCAL/MTIMER/MTIMER_Prog.o
                0x0000000008001f2c                TIM2_IRQHandler
 .text.TIM3_IRQHandler
                0x000000000800201c       0xd4 Src/MCAL/MTIMER/MTIMER_Prog.o
                0x000000000800201c                TIM3_IRQHandler
 .text.main     0x00000000080020f0       0xfc Src/main.o
                0x00000000080020f0                main
 .text.Reset_Handler
                0x00000000080021ec       0x50 Startup/startup_stm32f401rctx.o
                0x00000000080021ec                Reset_Handler
 .text.Default_Handler
                0x000000000800223c        0x2 Startup/startup_stm32f401rctx.o
                0x000000000800223c                RTC_Alarm_IRQHandler
                0x000000000800223c                DebugMon_Handler
                0x000000000800223c                HardFault_Handler
                0x000000000800223c                PVD_IRQHandler
                0x000000000800223c                SDIO_IRQHandler
                0x000000000800223c                TAMP_STAMP_IRQHandler
                0x000000000800223c                PendSV_Handler
                0x000000000800223c                NMI_Handler
                0x000000000800223c                I2C3_ER_IRQHandler
                0x000000000800223c                I2C2_EV_IRQHandler
                0x000000000800223c                FPU_IRQHandler
                0x000000000800223c                UsageFault_Handler
                0x000000000800223c                I2C1_EV_IRQHandler
                0x000000000800223c                RCC_IRQHandler
                0x000000000800223c                Default_Handler
                0x000000000800223c                ADC_IRQHandler
                0x000000000800223c                I2C3_EV_IRQHandler
                0x000000000800223c                RTC_WKUP_IRQHandler
                0x000000000800223c                MemManage_Handler
                0x000000000800223c                SVC_Handler
                0x000000000800223c                OTG_FS_WKUP_IRQHandler
                0x000000000800223c                I2C2_ER_IRQHandler
                0x000000000800223c                FLASH_IRQHandler
                0x000000000800223c                BusFault_Handler
                0x000000000800223c                OTG_FS_IRQHandler
                0x000000000800223c                I2C1_ER_IRQHandler
 *fill*         0x000000000800223e        0x2 
 .text.__libc_init_array
                0x0000000008002240       0x48 c:/st/stm32cubeide_1.4.0/stm32cubeide/plugins/com.st.stm32cube.ide.mcu.externaltools.gnu-tools-for-stm32.7-2018-q2-update.win32_1.4.0.202007081208/tools/bin/../lib/gcc/arm-none-eabi/7.3.1/../../../../arm-none-eabi/lib/thumb/v7e-m/fpv4-sp/hard\libc_nano.a(lib_a-init.o)
                0x0000000008002240                __libc_init_array
 *(.glue_7)
 .glue_7        0x0000000008002288        0x0 linker stubs
 *(.glue_7t)
 .glue_7t       0x0000000008002288        0x0 linker stubs
 *(.eh_frame)
 .eh_frame      0x0000000008002288        0x0 c:/st/stm32cubeide_1.4.0/stm32cubeide/plugins/com.st.stm32cube.ide.mcu.externaltools.gnu-tools-for-stm32.7-2018-q2-update.win32_1.4.0.202007081208/tools/bin/../lib/gcc/arm-none-eabi/7.3.1/thumb/v7e-m/fpv4-sp/hard/crtbegin.o
 *(.init)
 .init          0x0000000008002288        0x4 c:/st/stm32cubeide_1.4.0/stm32cubeide/plugins/com.st.stm32cube.ide.mcu.externaltools.gnu-tools-for-stm32.7-2018-q2-update.win32_1.4.0.202007081208/tools/bin/../lib/gcc/arm-none-eabi/7.3.1/thumb/v7e-m/fpv4-sp/hard/crti.o
                0x0000000008002288                _init
 .init          0x000000000800228c        0x8 c:/st/stm32cubeide_1.4.0/stm32cubeide/plugins/com.st.stm32cube.ide.mcu.externaltools.gnu-tools-for-stm32.7-2018-q2-update.win32_1.4.0.202007081208/tools/bin/../lib/gcc/arm-none-eabi/7.3.1/thumb/v7e-m/fpv4-sp/hard/crtn.o
 *(.fini)
 .fini          0x0000000008002294        0x4 c:/st/stm32cubeide_1.4.0/stm32cubeide/plugins/com.st.stm32cube.ide.mcu.externaltools.gnu-tools-for-stm32.7-2018-q2-update.win32_1.4.0.202007081208/tools/bin/../lib/gcc/arm-none-eabi/7.3.1/thumb/v7e-m/fpv4-sp/hard/crti.o
                0x0000000008002294                _fini
 .fini          0x0000000008002298        0x8 c:/st/stm32cubeide_1.4.0/stm32cubeide/plugins/com.st.stm32cube.ide.mcu.externaltools.gnu-tools-for-stm32.7-2018-q2-update.win32_1.4.0.202007081208/tools/bin/../lib/gcc/arm-none-eabi/7.3.1/thumb/v7e-m/fpv4-sp/hard/crtn.o
                0x00000000080022a0                . = ALIGN (0x4)
                0x00000000080022a0                _etext = .

.vfp11_veneer   0x00000000080022a0        0x0
 .vfp11_veneer  0x00000000080022a0        0x0 linker stubs

.v4_bx          0x00000000080022a0        0x0
 .v4_bx         0x00000000080022a0        0x0 linker stubs

.iplt           0x00000000080022a0        0x0
 .iplt          0x00000000080022a0        0x0 c:/st/stm32cubeide_1.4.0/stm32cubeide/plugins/com.st.stm32cube.ide.mcu.externaltools.gnu-tools-for-stm32.7-2018-q2-update.win32_1.4.0.202007081208/tools/bin/../lib/gcc/arm-none-eabi/7.3.1/thumb/v7e-m/fpv4-sp/hard/crtbegin.o

.rodata         0x00000000080022a0       0x20
                0x00000000080022a0                . = ALIGN (0x4)
 *(.rodata)
 .rodata        0x00000000080022a0       0x20 Src/MCAL/MTIMER/MTIMER_Prog.o
 *(.rodata*)
                0x00000000080022c0                . = ALIGN (0x4)

.rel.dyn        0x00000000080022c0        0x0
 .rel.iplt      0x00000000080022c0        0x0 c:/st/stm32cubeide_1.4.0/stm32cubeide/plugins/com.st.stm32cube.ide.mcu.externaltools.gnu-tools-for-stm32.7-2018-q2-update.win32_1.4.0.202007081208/tools/bin/../lib/gcc/arm-none-eabi/7.3.1/thumb/v7e-m/fpv4-sp/hard/crtbegin.o

.ARM.extab      0x00000000080022c0        0x0
                0x00000000080022c0                . = ALIGN (0x4)
 *(.ARM.extab* .gnu.linkonce.armextab.*)
                0x00000000080022c0                . = ALIGN (0x4)

.ARM            0x00000000080022c0        0x0
                0x00000000080022c0                . = ALIGN (0x4)
                0x00000000080022c0                __exidx_start = .
 *(.ARM.exidx*)
                0x00000000080022c0                __exidx_end = .
                0x00000000080022c0                . = ALIGN (0x4)

.preinit_array  0x00000000080022c0        0x0
                0x00000000080022c0                . = ALIGN (0x4)
                0x00000000080022c0                PROVIDE (__preinit_array_start = .)
 *(.preinit_array*)
                0x00000000080022c0                PROVIDE (__preinit_array_end = .)
                0x00000000080022c0                . = ALIGN (0x4)

.init_array     0x00000000080022c0        0x4
                0x00000000080022c0                . = ALIGN (0x4)
                0x00000000080022c0                PROVIDE (__init_array_start = .)
 *(SORT_BY_NAME(.init_array.*))
 *(.init_array*)
 .init_array    0x00000000080022c0        0x4 c:/st/stm32cubeide_1.4.0/stm32cubeide/plugins/com.st.stm32cube.ide.mcu.externaltools.gnu-tools-for-stm32.7-2018-q2-update.win32_1.4.0.202007081208/tools/bin/../lib/gcc/arm-none-eabi/7.3.1/thumb/v7e-m/fpv4-sp/hard/crtbegin.o
                0x00000000080022c4                PROVIDE (__init_array_end = .)
                0x00000000080022c4                . = ALIGN (0x4)

.fini_array     0x00000000080022c4        0x4
                0x00000000080022c4                . = ALIGN (0x4)
                [!provide]                        PROVIDE (__fini_array_start = .)
 *(SORT_BY_NAME(.fini_array.*))
 *(.fini_array*)
 .fini_array    0x00000000080022c4        0x4 c:/st/stm32cubeide_1.4.0/stm32cubeide/plugins/com.st.stm32cube.ide.mcu.externaltools.gnu-tools-for-stm32.7-2018-q2-update.win32_1.4.0.202007081208/tools/bin/../lib/gcc/arm-none-eabi/7.3.1/thumb/v7e-m/fpv4-sp/hard/crtbegin.o
                [!provide]                        PROVIDE (__fini_array_end = .)
                0x00000000080022c8                . = ALIGN (0x4)
                0x00000000080022c8                _sidata = LOADADDR (.data)

.data           0x0000000020000000        0x0 load address 0x00000000080022c8
                0x0000000020000000                . = ALIGN (0x4)
                0x0000000020000000                _sdata = .
 *(.data)
 *(.data*)
                0x0000000020000000                . = ALIGN (0x4)
                0x0000000020000000                _edata = .

.igot.plt       0x0000000020000000        0x0 load address 0x00000000080022c8
 .igot.plt      0x0000000020000000        0x0 c:/st/stm32cubeide_1.4.0/stm32cubeide/plugins/com.st.stm32cube.ide.mcu.externaltools.gnu-tools-for-stm32.7-2018-q2-update.win32_1.4.0.202007081208/tools/bin/../lib/gcc/arm-none-eabi/7.3.1/thumb/v7e-m/fpv4-sp/hard/crtbegin.o
                0x0000000020000000                . = ALIGN (0x4)

.bss            0x0000000020000000      0x234 load address 0x00000000080022c8
                0x0000000020000000                _sbss = .
                0x0000000020000000                __bss_start__ = _sbss
 *(.bss)
 .bss           0x0000000020000000       0x1c c:/st/stm32cubeide_1.4.0/stm32cubeide/plugins/com.st.stm32cube.ide.mcu.externaltools.gnu-tools-for-stm32.7-2018-q2-update.win32_1.4.0.202007081208/tools/bin/../lib/gcc/arm-none-eabi/7.3.1/thumb/v7e-m/fpv4-sp/hard/crtbegin.o
 *(.bss*)
 .bss.encoder_pulses
                0x000000002000001c        0x4 Src/HAL/HMOTOR/HMOTOR.o
                0x000000002000001c                encoder_pulses
 .bss.temp_pulses
                0x0000000020000020        0x4 Src/HAL/HMOTOR/HMOTOR.o
                0x0000000020000020                temp_pulses
 .bss.GLOBAL_EXTIPtr
                0x0000000020000024       0x40 Src/MCAL/MEXTI/MEXTI_Prog.o
 .bss.SPIx_pvTxcallback
                0x0000000020000064       0x10 Src/MCAL/MSPI/MSPI_Prog.o
 .bss.SPIx_pvRXcallback
                0x0000000020000074       0x10 Src/MCAL/MSPI/MSPI_Prog.o
 .bss.GLOBAL_SYSTICK_CallBack
                0x0000000020000084        0x4 Src/MCAL/MSTK/MSYSTICK_Prog.o
 .bss.GLOBAL_Ptr
                0x0000000020000088       0x20 Src/MCAL/MTIMER/MTIMER_Prog.o
 .bss.Time      0x00000000200000a8       0x74 Src/MCAL/MTIMER/MTIMER_Prog.o
                0x00000000200000a8                Time
 .bss.captureState.6238
                0x000000002000011c       0x1d Src/MCAL/MTIMER/MTIMER_Prog.o
 *fill*         0x0000000020000139        0x3 
 .bss.captureValue1.6239
                0x000000002000013c       0x74 Src/MCAL/MTIMER/MTIMER_Prog.o
 .bss.captureValue2.6240
                0x00000000200001b0       0x74 Src/MCAL/MTIMER/MTIMER_Prog.o
 *(COMMON)
 COMMON         0x0000000020000224        0xa Src/HAL/HMOTOR/HMOTOR.o
                0x0000000020000224                Motor_Pins
 *fill*         0x000000002000022e        0x2 
 COMMON         0x0000000020000230        0x2 Src/HAL/HSERVO/HSERVO_Prog.o
                0x0000000020000230                SERVO_STRUCT
                0x0000000020000234                . = ALIGN (0x4)
 *fill*         0x0000000020000232        0x2 
                0x0000000020000234                _ebss = .
                0x0000000020000234                __bss_end__ = _ebss

._user_heap_stack
                0x0000000020000234      0x604 load address 0x00000000080022c8
                0x0000000020000238                . = ALIGN (0x8)
 *fill*         0x0000000020000234        0x4 
                [!provide]                        PROVIDE (end = .)
                0x0000000020000238                PROVIDE (_end = .)
                0x0000000020000438                . = (. + _Min_Heap_Size)
 *fill*         0x0000000020000238      0x200 
                0x0000000020000838                . = (. + _Min_Stack_Size)
 *fill*         0x0000000020000438      0x400 
                0x0000000020000838                . = ALIGN (0x8)

/DISCARD/
 libc.a(*)
 libm.a(*)
 libgcc.a(*)

.ARM.attributes
                0x0000000000000000       0x30
 *(.ARM.attributes)
 .ARM.attributes
                0x0000000000000000       0x22 c:/st/stm32cubeide_1.4.0/stm32cubeide/plugins/com.st.stm32cube.ide.mcu.externaltools.gnu-tools-for-stm32.7-2018-q2-update.win32_1.4.0.202007081208/tools/bin/../lib/gcc/arm-none-eabi/7.3.1/thumb/v7e-m/fpv4-sp/hard/crti.o
 .ARM.attributes
                0x0000000000000022       0x34 c:/st/stm32cubeide_1.4.0/stm32cubeide/plugins/com.st.stm32cube.ide.mcu.externaltools.gnu-tools-for-stm32.7-2018-q2-update.win32_1.4.0.202007081208/tools/bin/../lib/gcc/arm-none-eabi/7.3.1/thumb/v7e-m/fpv4-sp/hard/crtbegin.o
 .ARM.attributes
                0x0000000000000056       0x39 Src/HAL/HMOTOR/HMOTOR.o
 .ARM.attributes
                0x000000000000008f       0x39 Src/HAL/HSERVO/HSERVO_Prog.o
 .ARM.attributes
                0x00000000000000c8       0x39 Src/MCAL/MEXTI/MEXTI_Prog.o
 .ARM.attributes
                0x0000000000000101       0x39 Src/MCAL/MGPIO/MGPIO_Prog.o
 .ARM.attributes
                0x000000000000013a       0x39 Src/MCAL/MNVIC/MNVIC_Prog.o
 .ARM.attributes
                0x0000000000000173       0x39 Src/MCAL/MRCC/MRCC_Prog.o
 .ARM.attributes
                0x00000000000001ac       0x39 Src/MCAL/MSPI/MSPI_Prog.o
 .ARM.attributes
                0x00000000000001e5       0x39 Src/MCAL/MSTK/MSYSTICK_Prog.o
 .ARM.attributes
                0x000000000000021e       0x39 Src/MCAL/MTIMER/MTIMER_Prog.o
 .ARM.attributes
                0x0000000000000257       0x39 Src/main.o
 .ARM.attributes
                0x0000000000000290       0x21 Startup/startup_stm32f401rctx.o
 .ARM.attributes
                0x00000000000002b1       0x34 c:/st/stm32cubeide_1.4.0/stm32cubeide/plugins/com.st.stm32cube.ide.mcu.externaltools.gnu-tools-for-stm32.7-2018-q2-update.win32_1.4.0.202007081208/tools/bin/../lib/gcc/arm-none-eabi/7.3.1/../../../../arm-none-eabi/lib/thumb/v7e-m/fpv4-sp/hard\libc_nano.a(lib_a-init.o)
 .ARM.attributes
                0x00000000000002e5       0x22 c:/st/stm32cubeide_1.4.0/stm32cubeide/plugins/com.st.stm32cube.ide.mcu.externaltools.gnu-tools-for-stm32.7-2018-q2-update.win32_1.4.0.202007081208/tools/bin/../lib/gcc/arm-none-eabi/7.3.1/thumb/v7e-m/fpv4-sp/hard\libgcc.a(_arm_addsubdf3.o)
 .ARM.attributes
                0x0000000000000307       0x22 c:/st/stm32cubeide_1.4.0/stm32cubeide/plugins/com.st.stm32cube.ide.mcu.externaltools.gnu-tools-for-stm32.7-2018-q2-update.win32_1.4.0.202007081208/tools/bin/../lib/gcc/arm-none-eabi/7.3.1/thumb/v7e-m/fpv4-sp/hard\libgcc.a(_arm_muldivdf3.o)
 .ARM.attributes
                0x0000000000000329       0x22 c:/st/stm32cubeide_1.4.0/stm32cubeide/plugins/com.st.stm32cube.ide.mcu.externaltools.gnu-tools-for-stm32.7-2018-q2-update.win32_1.4.0.202007081208/tools/bin/../lib/gcc/arm-none-eabi/7.3.1/thumb/v7e-m/fpv4-sp/hard\libgcc.a(_arm_truncdfsf2.o)
 .ARM.attributes
                0x000000000000034b       0x22 c:/st/stm32cubeide_1.4.0/stm32cubeide/plugins/com.st.stm32cube.ide.mcu.externaltools.gnu-tools-for-stm32.7-2018-q2-update.win32_1.4.0.202007081208/tools/bin/../lib/gcc/arm-none-eabi/7.3.1/thumb/v7e-m/fpv4-sp/hard/crtn.o
OUTPUT(AutoParkingCar.elf elf32-littlearm)

.debug_info     0x0000000000000000     0x729e
 .debug_info    0x0000000000000000      0xb68 Src/HAL/HMOTOR/HMOTOR.o
 .debug_info    0x0000000000000b68      0x2cb Src/HAL/HSERVO/HSERVO_Prog.o
 .debug_info    0x0000000000000e33      0xc68 Src/MCAL/MEXTI/MEXTI_Prog.o
 .debug_info    0x0000000000001a9b      0xb6f Src/MCAL/MGPIO/MGPIO_Prog.o
 .debug_info    0x000000000000260a      0xdda Src/MCAL/MNVIC/MNVIC_Prog.o
 .debug_info    0x00000000000033e4      0xbbc Src/MCAL/MRCC/MRCC_Prog.o
 .debug_info    0x0000000000003fa0      0xbf4 Src/MCAL/MSPI/MSPI_Prog.o
 .debug_info    0x0000000000004b94      0xa15 Src/MCAL/MSTK/MSYSTICK_Prog.o
 .debug_info    0x00000000000055a9      0xffd Src/MCAL/MTIMER/MTIMER_Prog.o
 .debug_info    0x00000000000065a6      0xcd6 Src/main.o
 .debug_info    0x000000000000727c       0x22 Startup/startup_stm32f401rctx.o

.debug_abbrev   0x0000000000000000     0x138a
 .debug_abbrev  0x0000000000000000      0x229 Src/HAL/HMOTOR/HMOTOR.o
 .debug_abbrev  0x0000000000000229       0xee Src/HAL/HSERVO/HSERVO_Prog.o
 .debug_abbrev  0x0000000000000317      0x205 Src/MCAL/MEXTI/MEXTI_Prog.o
 .debug_abbrev  0x000000000000051c      0x1e9 Src/MCAL/MGPIO/MGPIO_Prog.o
 .debug_abbrev  0x0000000000000705      0x21f Src/MCAL/MNVIC/MNVIC_Prog.o
 .debug_abbrev  0x0000000000000924      0x1cf Src/MCAL/MRCC/MRCC_Prog.o
 .debug_abbrev  0x0000000000000af3      0x238 Src/MCAL/MSPI/MSPI_Prog.o
 .debug_abbrev  0x0000000000000d2b      0x22a Src/MCAL/MSTK/MSYSTICK_Prog.o
 .debug_abbrev  0x0000000000000f55      0x25c Src/MCAL/MTIMER/MTIMER_Prog.o
 .debug_abbrev  0x00000000000011b1      0x1c7 Src/main.o
 .debug_abbrev  0x0000000000001378       0x12 Startup/startup_stm32f401rctx.o

.debug_aranges  0x0000000000000000      0x388
 .debug_aranges
                0x0000000000000000       0x38 Src/HAL/HMOTOR/HMOTOR.o
 .debug_aranges
                0x0000000000000038       0x28 Src/HAL/HSERVO/HSERVO_Prog.o
 .debug_aranges
                0x0000000000000060       0x98 Src/MCAL/MEXTI/MEXTI_Prog.o
 .debug_aranges
                0x00000000000000f8       0x58 Src/MCAL/MGPIO/MGPIO_Prog.o
 .debug_aranges
                0x0000000000000150       0x58 Src/MCAL/MNVIC/MNVIC_Prog.o
 .debug_aranges
                0x00000000000001a8       0x30 Src/MCAL/MRCC/MRCC_Prog.o
 .debug_aranges
                0x00000000000001d8       0x80 Src/MCAL/MSPI/MSPI_Prog.o
 .debug_aranges
                0x0000000000000258       0x58 Src/MCAL/MSTK/MSYSTICK_Prog.o
 .debug_aranges
                0x00000000000002b0       0x90 Src/MCAL/MTIMER/MTIMER_Prog.o
 .debug_aranges
                0x0000000000000340       0x20 Src/main.o
 .debug_aranges
                0x0000000000000360       0x28 Startup/startup_stm32f401rctx.o

.debug_ranges   0x0000000000000000      0x2e0
 .debug_ranges  0x0000000000000000       0x28 Src/HAL/HMOTOR/HMOTOR.o
 .debug_ranges  0x0000000000000028       0x18 Src/HAL/HSERVO/HSERVO_Prog.o
 .debug_ranges  0x0000000000000040       0x88 Src/MCAL/MEXTI/MEXTI_Prog.o
 .debug_ranges  0x00000000000000c8       0x48 Src/MCAL/MGPIO/MGPIO_Prog.o
 .debug_ranges  0x0000000000000110       0x48 Src/MCAL/MNVIC/MNVIC_Prog.o
 .debug_ranges  0x0000000000000158       0x20 Src/MCAL/MRCC/MRCC_Prog.o
 .debug_ranges  0x0000000000000178       0x70 Src/MCAL/MSPI/MSPI_Prog.o
 .debug_ranges  0x00000000000001e8       0x48 Src/MCAL/MSTK/MSYSTICK_Prog.o
 .debug_ranges  0x0000000000000230       0x80 Src/MCAL/MTIMER/MTIMER_Prog.o
 .debug_ranges  0x00000000000002b0       0x10 Src/main.o
 .debug_ranges  0x00000000000002c0       0x20 Startup/startup_stm32f401rctx.o

.debug_macro    0x0000000000000000     0x1177
 .debug_macro   0x0000000000000000      0x13c Src/HAL/HMOTOR/HMOTOR.o
 .debug_macro   0x000000000000013c      0x130 Src/HAL/HMOTOR/HMOTOR.o
 .debug_macro   0x000000000000026c       0x2e Src/HAL/HMOTOR/HMOTOR.o
 .debug_macro   0x000000000000029a       0x50 Src/HAL/HSERVO/HSERVO_Prog.o
 .debug_macro   0x00000000000002ea       0x1c Src/HAL/HSERVO/HSERVO_Prog.o
 .debug_macro   0x0000000000000306      0x109 Src/MCAL/MEXTI/MEXTI_Prog.o
 .debug_macro   0x000000000000040f       0x2e Src/MCAL/MEXTI/MEXTI_Prog.o
 .debug_macro   0x000000000000043d       0x2e Src/MCAL/MEXTI/MEXTI_Prog.o
 .debug_macro   0x000000000000046b      0x103 Src/MCAL/MGPIO/MGPIO_Prog.o
 .debug_macro   0x000000000000056e       0x2e Src/MCAL/MGPIO/MGPIO_Prog.o
 .debug_macro   0x000000000000059c      0x136 Src/MCAL/MGPIO/MGPIO_Prog.o
 .debug_macro   0x00000000000006d2      0x103 Src/MCAL/MNVIC/MNVIC_Prog.o
 .debug_macro   0x00000000000007d5       0x10 Src/MCAL/MNVIC/MNVIC_Prog.o
 .debug_macro   0x00000000000007e5       0x22 Src/MCAL/MNVIC/MNVIC_Prog.o
 .debug_macro   0x0000000000000807      0x109 Src/MCAL/MRCC/MRCC_Prog.o
 .debug_macro   0x0000000000000910       0x16 Src/MCAL/MRCC/MRCC_Prog.o
 .debug_macro   0x0000000000000926       0x7c Src/MCAL/MRCC/MRCC_Prog.o
 .debug_macro   0x00000000000009a2      0x115 Src/MCAL/MSPI/MSPI_Prog.o
 .debug_macro   0x0000000000000ab7       0x88 Src/MCAL/MSPI/MSPI_Prog.o
 .debug_macro   0x0000000000000b3f       0x6a Src/MCAL/MSPI/MSPI_Prog.o
 .debug_macro   0x0000000000000ba9       0x16 Src/MCAL/MSPI/MSPI_Prog.o
 .debug_macro   0x0000000000000bbf      0x109 Src/MCAL/MSTK/MSYSTICK_Prog.o
 .debug_macro   0x0000000000000cc8       0x2e Src/MCAL/MSTK/MSYSTICK_Prog.o
 .debug_macro   0x0000000000000cf6       0x2e Src/MCAL/MSTK/MSYSTICK_Prog.o
 .debug_macro   0x0000000000000d24      0x109 Src/MCAL/MTIMER/MTIMER_Prog.o
 .debug_macro   0x0000000000000e2d      0x108 Src/MCAL/MTIMER/MTIMER_Prog.o
 .debug_macro   0x0000000000000f35       0x10 Src/MCAL/MTIMER/MTIMER_Prog.o
 .debug_macro   0x0000000000000f45      0x1b6 Src/main.o
 .debug_macro   0x00000000000010fb       0x7c Src/main.o

.debug_line     0x0000000000000000     0x3a52
 .debug_line    0x0000000000000000      0x64b Src/HAL/HMOTOR/HMOTOR.o
 .debug_line    0x000000000000064b      0x1a8 Src/HAL/HSERVO/HSERVO_Prog.o
 .debug_line    0x00000000000007f3      0x66f Src/MCAL/MEXTI/MEXTI_Prog.o
 .debug_line    0x0000000000000e62      0x616 Src/MCAL/MGPIO/MGPIO_Prog.o
 .debug_line    0x0000000000001478      0x585 Src/MCAL/MNVIC/MNVIC_Prog.o
 .debug_line    0x00000000000019fd      0x558 Src/MCAL/MRCC/MRCC_Prog.o
 .debug_line    0x0000000000001f55      0x6d9 Src/MCAL/MSPI/MSPI_Prog.o
 .debug_line    0x000000000000262e      0x59e Src/MCAL/MSTK/MSYSTICK_Prog.o
 .debug_line    0x0000000000002bcc      0x6cd Src/MCAL/MTIMER/MTIMER_Prog.o
 .debug_line    0x0000000000003299      0x735 Src/main.o
 .debug_line    0x00000000000039ce       0x84 Startup/startup_stm32f401rctx.o

.debug_str      0x0000000000000000     0x94e2
 .debug_str     0x0000000000000000     0x72b6 Src/HAL/HMOTOR/HMOTOR.o
                                       0x749f (size before relaxing)
 .debug_str     0x00000000000072b6      0x1f6 Src/HAL/HSERVO/HSERVO_Prog.o
                                       0x337d (size before relaxing)
 .debug_str     0x00000000000074ac      0x359 Src/MCAL/MEXTI/MEXTI_Prog.o
                                       0x72b1 (size before relaxing)
 .debug_str     0x0000000000007805      0x2b6 Src/MCAL/MGPIO/MGPIO_Prog.o
                                       0x74a3 (size before relaxing)
 .debug_str     0x0000000000007abb      0x629 Src/MCAL/MNVIC/MNVIC_Prog.o
                                       0x752a (size before relaxing)
 .debug_str     0x00000000000080e4      0x3ac Src/MCAL/MRCC/MRCC_Prog.o
                                       0x72bf (size before relaxing)
 .debug_str     0x0000000000008490      0x4bd Src/MCAL/MSPI/MSPI_Prog.o
                                       0x7696 (size before relaxing)
 .debug_str     0x000000000000894d      0x226 Src/MCAL/MSTK/MSYSTICK_Prog.o
                                       0x7105 (size before relaxing)
 .debug_str     0x0000000000008b73      0x714 Src/MCAL/MTIMER/MTIMER_Prog.o
                                       0x7677 (size before relaxing)
 .debug_str     0x0000000000009287      0x22a Src/main.o
                                       0x7d24 (size before relaxing)
 .debug_str     0x00000000000094b1       0x31 Startup/startup_stm32f401rctx.o
                                         0x5d (size before relaxing)

.comment        0x0000000000000000       0x7b
 .comment       0x0000000000000000       0x7b Src/HAL/HMOTOR/HMOTOR.o
                                         0x7c (size before relaxing)
 .comment       0x000000000000007b       0x7c Src/HAL/HSERVO/HSERVO_Prog.o
 .comment       0x000000000000007b       0x7c Src/MCAL/MEXTI/MEXTI_Prog.o
 .comment       0x000000000000007b       0x7c Src/MCAL/MGPIO/MGPIO_Prog.o
 .comment       0x000000000000007b       0x7c Src/MCAL/MNVIC/MNVIC_Prog.o
 .comment       0x000000000000007b       0x7c Src/MCAL/MRCC/MRCC_Prog.o
 .comment       0x000000000000007b       0x7c Src/MCAL/MSPI/MSPI_Prog.o
 .comment       0x000000000000007b       0x7c Src/MCAL/MSTK/MSYSTICK_Prog.o
 .comment       0x000000000000007b       0x7c Src/MCAL/MTIMER/MTIMER_Prog.o
 .comment       0x000000000000007b       0x7c Src/main.o

.debug_frame    0x0000000000000000      0xce4
 .debug_frame   0x0000000000000000       0x9c Src/HAL/HMOTOR/HMOTOR.o
 .debug_frame   0x000000000000009c       0x58 Src/HAL/HSERVO/HSERVO_Prog.o
 .debug_frame   0x00000000000000f4      0x23c Src/MCAL/MEXTI/MEXTI_Prog.o
 .debug_frame   0x0000000000000330      0x150 Src/MCAL/MGPIO/MGPIO_Prog.o
 .debug_frame   0x0000000000000480      0x150 Src/MCAL/MNVIC/MNVIC_Prog.o
 .debug_frame   0x00000000000005d0       0x80 Src/MCAL/MRCC/MRCC_Prog.o
 .debug_frame   0x0000000000000650      0x1e8 Src/MCAL/MSPI/MSPI_Prog.o
 .debug_frame   0x0000000000000838      0x12c Src/MCAL/MSTK/MSYSTICK_Prog.o
 .debug_frame   0x0000000000000964      0x204 Src/MCAL/MTIMER/MTIMER_Prog.o
 .debug_frame   0x0000000000000b68       0x30 Src/main.o
 .debug_frame   0x0000000000000b98       0x2c c:/st/stm32cubeide_1.4.0/stm32cubeide/plugins/com.st.stm32cube.ide.mcu.externaltools.gnu-tools-for-stm32.7-2018-q2-update.win32_1.4.0.202007081208/tools/bin/../lib/gcc/arm-none-eabi/7.3.1/../../../../arm-none-eabi/lib/thumb/v7e-m/fpv4-sp/hard\libc_nano.a(lib_a-init.o)
 .debug_frame   0x0000000000000bc4       0xac c:/st/stm32cubeide_1.4.0/stm32cubeide/plugins/com.st.stm32cube.ide.mcu.externaltools.gnu-tools-for-stm32.7-2018-q2-update.win32_1.4.0.202007081208/tools/bin/../lib/gcc/arm-none-eabi/7.3.1/thumb/v7e-m/fpv4-sp/hard\libgcc.a(_arm_addsubdf3.o)
 .debug_frame   0x0000000000000c70       0x50 c:/st/stm32cubeide_1.4.0/stm32cubeide/plugins/com.st.stm32cube.ide.mcu.externaltools.gnu-tools-for-stm32.7-2018-q2-update.win32_1.4.0.202007081208/tools/bin/../lib/gcc/arm-none-eabi/7.3.1/thumb/v7e-m/fpv4-sp/hard\libgcc.a(_arm_muldivdf3.o)
 .debug_frame   0x0000000000000cc0       0x24 c:/st/stm32cubeide_1.4.0/stm32cubeide/plugins/com.st.stm32cube.ide.mcu.externaltools.gnu-tools-for-stm32.7-2018-q2-update.win32_1.4.0.202007081208/tools/bin/../lib/gcc/arm-none-eabi/7.3.1/thumb/v7e-m/fpv4-sp/hard\libgcc.a(_arm_truncdfsf2.o)
