MEXTI_Prog.c:20:6:SYSCFG_vConfigEXTI_Line	16	static
MEXTI_Prog.c:26:6:MEXTI_vEnableInterrupt	16	static
MEXTI_Prog.c:30:6:MEXTI_vDisableInterrupt	16	static
MEXTI_Prog.c:34:6:MEXTI_vEnableEvent	16	static
MEXTI_Prog.c:38:6:MEXTI_vDisableEvent	16	static
MEXTI_Prog.c:42:6:MEXTI_vInterruptTrigger	16	static
MEXTI_Prog.c:59:6:MEXTI_vSWevent	16	static
MEXTI_Prog.c:63:6:MEXTI_PtrReadInterruptFlag	16	static
MEXTI_Prog.c:68:6:MEXTI_vCallBack	16	static
MEXTI_Prog.c:75:6:EXTI0_IRQHandler	8	static
MEXTI_Prog.c:80:6:EXTI1_IRQHandler	8	static
MEXTI_Prog.c:85:6:EXTI2_IRQHandler	8	static
MEXTI_Prog.c:89:6:EXTI3_IRQHandler	8	static
MEXTI_Prog.c:93:6:EXTI4_IRQHandler	8	static
MEXTI_Prog.c:97:6:EXTI9_5_IRQHandler	8	static
MEXTI_Prog.c:119:6:EXTI15_10_IRQHandler	8	static
