MSPI_Prog.c:32:6:MSPI_vMasterInit	24	static
MSPI_Prog.c:74:6:MSPI_vSlaveInit	24	static
MSPI_Prog.c:107:4:MSPI_u8MasterTransceiver	32	static
MSPI_Prog.c:148:4:MSPI_u8SlaveTransceiver	24	static
MSPI_Prog.c:177:6:MSPI_vEnableRxInt	24	static
MSPI_Prog.c:192:6:MSPI_vEnableTxInt	24	static
MSPI_Prog.c:210:6:MSPI_vSetTxCallBackFunc	16	static
MSPI_Prog.c:217:6:MSPI_vSetRxCallBackFunc	16	static
MSPI_Prog.c:225:4:MSPI_u8ReadRecievedData	24	static
MSPI_Prog.c:239:6:SPI1_IRQHandler	8	static
MSPI_Prog.c:249:6:SPI2_IRQHandler	8	static
MSPI_Prog.c:260:6:SPI3_IRQHandler	8	static
MSPI_Prog.c:271:6:SPI4_IRQHandler	8	static
