MSPI_Prog.c:20:6:MSPI_vMasterInit	0	static
MSPI_Prog.c:62:6:MSPI_vSlaveInit	0	static
MSPI_Prog.c:95:4:MSPI_u8MasterTransceiver	24	static
MSPI_Prog.c:136:4:MSPI_u8SlaveTransceiver	0	static
MSPI_Prog.c:165:6:MSPI_vEnableRxInt	0	static
MSPI_Prog.c:180:6:MSPI_vEnableTxInt	0	static
MSPI_Prog.c:198:6:MSPI_vSetTxCallBackFunc	0	static
MSPI_Prog.c:205:6:MSPI_vSetRxCallBackFunc	0	static
MSPI_Prog.c:213:4:MSPI_u8ReadRecievedData	0	static
MSPI_Prog.c:227:6:SPI1_IRQHandler	8	static
MSPI_Prog.c:237:6:SPI2_IRQHandler	0	static
MSPI_Prog.c:243:6:SPI3_IRQHandler	0	static
MSPI_Prog.c:249:6:SPI4_IRQHandler	0	static
